Archive member included to satisfy reference by file (symbol)

c:/program files (x86)/atmel/studio/7.0/toolchain/avr8/avr8-gnu-toolchain/bin/../lib/gcc/avr/5.4.0/avr35\libgcc.a(_mulhi3.o)
                              services/buttondriver/buttondriver.o (__mulhi3)
c:/program files (x86)/atmel/studio/7.0/toolchain/avr8/avr8-gnu-toolchain/bin/../lib/gcc/avr/5.4.0/avr35\libgcc.a(_mulsi3.o)
                              services/boilertemp/boilertemp.o (__mulsi3)
c:/program files (x86)/atmel/studio/7.0/toolchain/avr8/avr8-gnu-toolchain/bin/../lib/gcc/avr/5.4.0/avr35\libgcc.a(_udivmodhi4.o)
                              services/powermeter/powermeter.o (__udivmodhi4)
c:/program files (x86)/atmel/studio/7.0/toolchain/avr8/avr8-gnu-toolchain/bin/../lib/gcc/avr/5.4.0/avr35\libgcc.a(_udivmodsi4.o)
                              services/coffee_fsm/coffee_fsm.o (__udivmodsi4)
c:/program files (x86)/atmel/studio/7.0/toolchain/avr8/avr8-gnu-toolchain/bin/../lib/gcc/avr/5.4.0/avr35\libgcc.a(_divmodsi4.o)
                              services/boilertemp/boilertemp.o (__divmodsi4)
c:/program files (x86)/atmel/studio/7.0/toolchain/avr8/avr8-gnu-toolchain/bin/../lib/gcc/avr/5.4.0/avr35\libgcc.a(_negsi2.o)
                              c:/program files (x86)/atmel/studio/7.0/toolchain/avr8/avr8-gnu-toolchain/bin/../lib/gcc/avr/5.4.0/avr35\libgcc.a(_divmodsi4.o) (__negsi2)
c:/program files (x86)/atmel/studio/7.0/toolchain/avr8/avr8-gnu-toolchain/bin/../lib/gcc/avr/5.4.0/avr35\libgcc.a(_exit.o)
                              C:/Program Files (x86)/Atmel/Studio/7.0/Packs/atmel/ATmega_DFP/1.0.106/gcc/dev/atmega32u2/avr35/crtatmega32u2.o (exit)
c:/program files (x86)/atmel/studio/7.0/toolchain/avr8/avr8-gnu-toolchain/bin/../lib/gcc/avr/5.4.0/avr35\libgcc.a(_copy_data.o)
                              services/CommandInterpreter/CommandInterpreter.o (__do_copy_data)
c:/program files (x86)/atmel/studio/7.0/toolchain/avr8/avr8-gnu-toolchain/bin/../lib/gcc/avr/5.4.0/avr35\libgcc.a(_clear_bss.o)
                              driver/ramfs/ramfs.o (__do_clear_bss)
c:/program files (x86)/atmel/studio/7.0/toolchain/avr8/avr8-gnu-toolchain/bin/../lib/gcc/avr/5.4.0/../../../../avr/lib/avr35\libc.a(memcpy_P.o)
                              src/LUFA/LUFA/Drivers/USB/Class/Device/RNDISClassDevice.o (memcpy_P)
c:/program files (x86)/atmel/studio/7.0/toolchain/avr8/avr8-gnu-toolchain/bin/../lib/gcc/avr/5.4.0/../../../../avr/lib/avr35\libc.a(strcmp_P.o)
                              services/CommandInterpreter/CommandInterpreter.o (strcmp_P)
c:/program files (x86)/atmel/studio/7.0/toolchain/avr8/avr8-gnu-toolchain/bin/../lib/gcc/avr/5.4.0/../../../../avr/lib/avr35\libc.a(strlen_P.o)
                              src/LUFA/LUFA/Drivers/USB/Class/Device/CDCClassDevice.o (__strlen_P)
c:/program files (x86)/atmel/studio/7.0/toolchain/avr8/avr8-gnu-toolchain/bin/../lib/gcc/avr/5.4.0/../../../../avr/lib/avr35\libc.a(memcmp.o)
                              src/LUFA/LUFA/Drivers/USB/Class/Device/HIDClassDevice.o (memcmp)
c:/program files (x86)/atmel/studio/7.0/toolchain/avr8/avr8-gnu-toolchain/bin/../lib/gcc/avr/5.4.0/../../../../avr/lib/avr35\libc.a(memcpy.o)
                              src/LUFA/LUFA/Drivers/USB/Class/Device/HIDClassDevice.o (memcpy)
c:/program files (x86)/atmel/studio/7.0/toolchain/avr8/avr8-gnu-toolchain/bin/../lib/gcc/avr/5.4.0/../../../../avr/lib/avr35\libc.a(memset.o)
                              src/LUFA/LUFA/Drivers/USB/Class/Device/HIDClassDevice.o (memset)
c:/program files (x86)/atmel/studio/7.0/toolchain/avr8/avr8-gnu-toolchain/bin/../lib/gcc/avr/5.4.0/../../../../avr/lib/avr35\libc.a(fprintf.o)
                              services/CommandInterpreter/CommandInterpreter.o (fprintf)
c:/program files (x86)/atmel/studio/7.0/toolchain/avr8/avr8-gnu-toolchain/bin/../lib/gcc/avr/5.4.0/../../../../avr/lib/avr35\libc.a(fprintf_p.o)
                              services/CommandInterpreter/CommandInterpreter.o (fprintf_P)
c:/program files (x86)/atmel/studio/7.0/toolchain/avr8/avr8-gnu-toolchain/bin/../lib/gcc/avr/5.4.0/../../../../avr/lib/avr35\libc.a(fputs.o)
                              services/CommandInterpreter/CommandInterpreter.o (fputs)
c:/program files (x86)/atmel/studio/7.0/toolchain/avr8/avr8-gnu-toolchain/bin/../lib/gcc/avr/5.4.0/../../../../avr/lib/avr35\libc.a(vfprintf_std.o)
                              c:/program files (x86)/atmel/studio/7.0/toolchain/avr8/avr8-gnu-toolchain/bin/../lib/gcc/avr/5.4.0/../../../../avr/lib/avr35\libc.a(fprintf.o) (vfprintf)
c:/program files (x86)/atmel/studio/7.0/toolchain/avr8/avr8-gnu-toolchain/bin/../lib/gcc/avr/5.4.0/../../../../avr/lib/avr35\libc.a(strnlen_P.o)
                              c:/program files (x86)/atmel/studio/7.0/toolchain/avr8/avr8-gnu-toolchain/bin/../lib/gcc/avr/5.4.0/../../../../avr/lib/avr35\libc.a(vfprintf_std.o) (strnlen_P)
[...]
Memory Configuration

Name             Origin             Length             Attributes
text             0x00000000         0x00010000         xr
data             0x00800060         0x0000ffa0         rw !x
eeprom           0x00810000         0x00010000         rw !x
fuse             0x00820000         0x00000400         rw !x
lock             0x00830000         0x00000400         rw !x
signature        0x00840000         0x00000400         rw !x
user_signatures  0x00850000         0x00000400         rw !x
*default*        0x00000000         0xffffffff

Linker script and memory map

Address of section .data set to 0x800100
LOAD C:/Program Files (x86)/Atmel/Studio/7.0/Packs/atmel/ATmega_DFP/1.0.106/gcc/dev/atmega32u2/avr35/crtatmega32u2.o
LOAD Descriptors.o
LOAD driver/gpio/gpio.o
LOAD driver/MCP3202/MCP3202.o
LOAD driver/ramfs/ramfs.o
LOAD driver/senseo_button/senseo_button.o
LOAD driver/senseo_display/senseodisplay.o
LOAD driver/SWI2C_special/i2cmaster_senseomod.o
LOAD driver/Timer/Timer.o
LOAD driver/USART_SPI_Master/HW_USART_SPI.o
LOAD services/boilertempcontroller/boilertempcontroller.o
LOAD services/boilertemp/boilertemp.o
LOAD services/buttondriver/buttondriver.o
LOAD services/coffee_fsm/coffee_fsm.o
LOAD services/CommandInterpreter/CommandInterpreter.o
LOAD services/displayservice/displayservice.o
LOAD services/eepromFileSystem/eepromFileSystem.o
LOAD services/healthmonitor/healthmonitor.o
LOAD services/heaterpowercontroller/heaterpowercontroller.o
LOAD services/lightningservice/ledlightningservice.o
LOAD services/powermeter/powermeter.o
LOAD services/pumpservice/pumpservice.o
LOAD services/TimeDateService/TimeDateService.o
LOAD services/TimerService/TimerService.o
LOAD services/waterlevelmessurment/waterlevelmessurment.o
LOAD src/LUFA/LUFA/Drivers/USB/Class/Common/HIDParser.o
LOAD src/LUFA/LUFA/Drivers/USB/Class/Device/AudioClassDevice.o
LOAD src/LUFA/LUFA/Drivers/USB/Class/Device/CDCClassDevice.o
LOAD src/LUFA/LUFA/Drivers/USB/Class/Device/HIDClassDevice.o
LOAD src/LUFA/LUFA/Drivers/USB/Class/Device/MassStorageClassDevice.o
LOAD src/LUFA/LUFA/Drivers/USB/Class/Device/MIDIClassDevice.o
LOAD src/LUFA/LUFA/Drivers/USB/Class/Device/PrinterClassDevice.o
LOAD src/LUFA/LUFA/Drivers/USB/Class/Device/RNDISClassDevice.o
LOAD src/LUFA/LUFA/Drivers/USB/Class/Host/AndroidAccessoryClassHost.o
LOAD src/LUFA/LUFA/Drivers/USB/Class/Host/AudioClassHost.o
LOAD src/LUFA/LUFA/Drivers/USB/Class/Host/CDCClassHost.o
LOAD src/LUFA/LUFA/Drivers/USB/Class/Host/HIDClassHost.o
LOAD src/LUFA/LUFA/Drivers/USB/Class/Host/MassStorageClassHost.o
LOAD src/LUFA/LUFA/Drivers/USB/Class/Host/MIDIClassHost.o
LOAD src/LUFA/LUFA/Drivers/USB/Class/Host/PrinterClassHost.o
LOAD src/LUFA/LUFA/Drivers/USB/Class/Host/RNDISClassHost.o
LOAD src/LUFA/LUFA/Drivers/USB/Class/Host/StillImageClassHost.o
LOAD src/LUFA/LUFA/Drivers/USB/Core/AVR8/Device_AVR8.o
LOAD src/LUFA/LUFA/Drivers/USB/Core/AVR8/EndpointStream_AVR8.o
LOAD src/LUFA/LUFA/Drivers/USB/Core/AVR8/Endpoint_AVR8.o
LOAD src/LUFA/LUFA/Drivers/USB/Core/AVR8/Host_AVR8.o
LOAD src/LUFA/LUFA/Drivers/USB/Core/AVR8/PipeStream_AVR8.o
LOAD src/LUFA/LUFA/Drivers/USB/Core/AVR8/Pipe_AVR8.o
LOAD src/LUFA/LUFA/Drivers/USB/Core/AVR8/Template/Template_Endpoint_Control_R.o
LOAD src/LUFA/LUFA/Drivers/USB/Core/AVR8/Template/Template_Endpoint_Control_W.o
LOAD src/LUFA/LUFA/Drivers/USB/Core/AVR8/Template/Template_Endpoint_RW.o
LOAD src/LUFA/LUFA/Drivers/USB/Core/AVR8/Template/Template_Pipe_RW.o
LOAD src/LUFA/LUFA/Drivers/USB/Core/AVR8/USBController_AVR8.o
LOAD src/LUFA/LUFA/Drivers/USB/Core/AVR8/USBInterrupt_AVR8.o
LOAD src/LUFA/LUFA/Drivers/USB/Core/ConfigDescriptors.o
LOAD src/LUFA/LUFA/Drivers/USB/Core/DeviceStandardReq.o
LOAD src/LUFA/LUFA/Drivers/USB/Core/Events.o
LOAD src/LUFA/LUFA/Drivers/USB/Core/HostStandardReq.o
LOAD src/LUFA/LUFA/Drivers/USB/Core/USBTask.o
LOAD CoffeeMaker.o
START GROUP
LOAD c:/program files (x86)/atmel/studio/7.0/toolchain/avr8/avr8-gnu-toolchain/bin/../lib/gcc/avr/5.4.0/../../../../avr/lib/avr35\libm.a
END GROUP
START GROUP
LOAD c:/program files (x86)/atmel/studio/7.0/toolchain/avr8/avr8-gnu-toolchain/bin/../lib/gcc/avr/5.4.0/avr35\libgcc.a
LOAD c:/program files (x86)/atmel/studio/7.0/toolchain/avr8/avr8-gnu-toolchain/bin/../lib/gcc/avr/5.4.0/../../../../avr/lib/avr35\libm.a
LOAD c:/program files (x86)/atmel/studio/7.0/toolchain/avr8/avr8-gnu-toolchain/bin/../lib/gcc/avr/5.4.0/../../../../avr/lib/avr35\libc.a
LOAD C:/Program Files (x86)/Atmel/Studio/7.0/Packs/atmel/ATmega_DFP/1.0.106/gcc/dev/atmega32u2/avr35\libatmega32u2.a
END GROUP
                0x00000000                __TEXT_REGION_ORIGIN__ = DEFINED (__TEXT_REGION_ORIGIN__)?__TEXT_REGION_ORIGIN__:0x0
                0x00800060                __DATA_REGION_ORIGIN__ = DEFINED (__DATA_REGION_ORIGIN__)?__DATA_REGION_ORIGIN__:0x800060
                0x00010000                __TEXT_REGION_LENGTH__ = DEFINED (__TEXT_REGION_LENGTH__)?__TEXT_REGION_LENGTH__:0x10000
                0x0000ffa0                __DATA_REGION_LENGTH__ = DEFINED (__DATA_REGION_LENGTH__)?__DATA_REGION_LENGTH__:0xffa0
                0x00010000                __EEPROM_REGION_LENGTH__ = DEFINED (__EEPROM_REGION_LENGTH__)?__EEPROM_REGION_LENGTH__:0x10000
                0x00000400                __FUSE_REGION_LENGTH__ = DEFINED (__FUSE_REGION_LENGTH__)?__FUSE_REGION_LENGTH__:0x400
                0x00000400                __LOCK_REGION_LENGTH__ = DEFINED (__LOCK_REGION_LENGTH__)?__LOCK_REGION_LENGTH__:0x400
                0x00000400                __SIGNATURE_REGION_LENGTH__ = DEFINED (__SIGNATURE_REGION_LENGTH__)?__SIGNATURE_REGION_LENGTH__:0x400
                0x00000400                __USER_SIGNATURE_REGION_LENGTH__ = DEFINED (__USER_SIGNATURE_REGION_LENGTH__)?__USER_SIGNATURE_REGION_LENGTH__:0x400

.hash
 *(.hash)

.dynsym
 *(.dynsym)

.dynstr
 *(.dynstr)

.gnu.version
 *(.gnu.version)

.gnu.version_d
 *(.gnu.version_d)

.gnu.version_r
 *(.gnu.version_r)

.rel.init
 *(.rel.init)

.rela.init
 *(.rela.init)

.rel.text
 *(.rel.text)
 *(.rel.text.*)
 *(.rel.gnu.linkonce.t*)

.rela.text
 *(.rela.text)
 *(.rela.text.*)
 *(.rela.gnu.linkonce.t*)

.rel.fini
 *(.rel.fini)

.rela.fini
 *(.rela.fini)

.rel.rodata
 *(.rel.rodata)
 *(.rel.rodata.*)
 *(.rel.gnu.linkonce.r*)

.rela.rodata
 *(.rela.rodata)
 *(.rela.rodata.*)
 *(.rela.gnu.linkonce.r*)

.rel.data
 *(.rel.data)
 *(.rel.data.*)
 *(.rel.gnu.linkonce.d*)

.rela.data
 *(.rela.data)
 *(.rela.data.*)
 *(.rela.gnu.linkonce.d*)

.rel.ctors
 *(.rel.ctors)

.rela.ctors
 *(.rela.ctors)

.rel.dtors
 *(.rel.dtors)

.rela.dtors
 *(.rela.dtors)

.rel.got
 *(.rel.got)

.rela.got
 *(.rela.got)

.rel.bss
 *(.rel.bss)

.rela.bss
 *(.rela.bss)

.rel.plt
 *(.rel.plt)

.rela.plt
 *(.rela.plt)

.text           0x00000000     0x4446
 *(.vectors)
 .vectors       0x00000000       0x74 C:/Program Files (x86)/Atmel/Studio/7.0/Packs/atmel/ATmega_DFP/1.0.106/gcc/dev/atmega32u2/avr35/crtatmega32u2.o
                0x00000000                __vector_default
                0x00000000                __vectors
 *(.vectors)
 *(.progmem.gcc*)
                0x00000074                . = ALIGN (0x2)
                0x00000074                __trampolines_start = .
 *(.trampolines)
 .trampolines   0x00000074        0x0 linker stubs
 *(.trampolines*)
                0x00000074                __trampolines_end = .
 *libprintf_flt.a:*(.progmem.data)
 *libc.a:*(.progmem.data)
 *(.progmem*)
 .progmem.data.ProductString
                0x00000074       0x1e Descriptors.o
                0x00000074                ProductString
 .progmem.data.ManufacturerString
                0x00000092       0x1a Descriptors.o
                0x00000092                ManufacturerString
 .progmem.data.LanguageString
                0x000000ac        0x4 Descriptors.o
                0x000000ac                LanguageString
 .progmem.data.ConfigurationDescriptor
                0x000000b0       0x3e Descriptors.o
                0x000000b0                ConfigurationDescriptor
 .progmem.data.DeviceDescriptor
                0x000000ee       0x12 Descriptors.o
                0x000000ee                DeviceDescriptor
 .progmem.data.__c.2654
                0x00000100        0x5 services/CommandInterpreter/CommandInterpreter.o
 .progmem.data.__c.2649
                0x00000105        0xd services/CommandInterpreter/CommandInterpreter.o
 .progmem.data.__c.2644
                0x00000112        0xc services/CommandInterpreter/CommandInterpreter.o
 .progmem.data.__c.2620
                0x0000011e       0x3e services/CommandInterpreter/CommandInterpreter.o
 .progmem.data.__c.2615
                0x0000015c       0x2a services/CommandInterpreter/CommandInterpreter.o
 .progmem.data.__c.2610
                0x00000186       0x43 services/CommandInterpreter/CommandInterpreter.o
 .progmem.data.__c.2605
                0x000001c9       0x3e services/CommandInterpreter/CommandInterpreter.o
 .progmem.data.__c.2600
                0x00000207       0x4c services/CommandInterpreter/CommandInterpreter.o
 .progmem.data.__c.2597
                0x00000253        0x8 services/CommandInterpreter/CommandInterpreter.o
 .progmem.data.__c.2593
                0x0000025b       0x3b services/CommandInterpreter/CommandInterpreter.o
 .progmem.data.__c.2590
                0x00000296        0x8 services/CommandInterpreter/CommandInterpreter.o
 .progmem.data.__c.2586
                0x0000029e       0x3e services/CommandInterpreter/CommandInterpreter.o
 .progmem.data.__c.2583
                0x000002dc        0x8 services/CommandInterpreter/CommandInterpreter.o
 .progmem.data.__c.2579
                0x000002e4       0x3a services/CommandInterpreter/CommandInterpreter.o
 .progmem.data.__c.2576
                0x0000031e        0x8 services/CommandInterpreter/CommandInterpreter.o
 .progmem.data.__c.2572
                0x00000326       0x40 services/CommandInterpreter/CommandInterpreter.o
 .progmem.data.__c.2569
                0x00000366        0x8 services/CommandInterpreter/CommandInterpreter.o
 .progmem.data.__c.2565
                0x0000036e       0x42 services/CommandInterpreter/CommandInterpreter.o
 .progmem.data.__c.2562
                0x000003b0        0x8 services/CommandInterpreter/CommandInterpreter.o
 .progmem.data.__c.2558
                0x000003b8       0x40 services/CommandInterpreter/CommandInterpreter.o
 .progmem.data.__c.2553
                0x000003f8       0x3f services/CommandInterpreter/CommandInterpreter.o
 .progmem.data.__c.2550
                0x00000437        0x8 services/CommandInterpreter/CommandInterpreter.o
 .progmem.data.__c.2545
                0x0000043f       0x93 services/CommandInterpreter/CommandInterpreter.o
 .progmem.data.__c.2542
                0x000004d2       0x7e services/CommandInterpreter/CommandInterpreter.o
 .progmem.data.__c.2539
                0x00000550      0x393 services/CommandInterpreter/CommandInterpreter.o
 .progmem.data.__c.2531
                0x000008e3        0x4 services/CommandInterpreter/CommandInterpreter.o
 .progmem.data.__c.2529
                0x000008e7        0x3 services/CommandInterpreter/CommandInterpreter.o
 .progmem.data.__c.2527
                0x000008ea        0x7 services/CommandInterpreter/CommandInterpreter.o
 .progmem.data.__c.2525
                0x000008f1        0x7 services/CommandInterpreter/CommandInterpreter.o
 .progmem.data.__c.2522
                0x000008f8        0x6 services/CommandInterpreter/CommandInterpreter.o
 .progmem.data.__c.2520
                0x000008fe        0x5 services/CommandInterpreter/CommandInterpreter.o
 .progmem.data.__c.2518
                0x00000903        0x5 services/CommandInterpreter/CommandInterpreter.o
 .progmem.data.__c.2516
                0x00000908        0x9 services/CommandInterpreter/CommandInterpreter.o
 .progmem.data.__c.2514
                0x00000911        0x8 services/CommandInterpreter/CommandInterpreter.o
 .progmem.data.__c.2512
                0x00000919        0x6 services/CommandInterpreter/CommandInterpreter.o
 .progmem.data.__c.2510
                0x0000091f        0xa services/CommandInterpreter/CommandInterpreter.o
 .progmem.data.__c.2508
                0x00000929        0x7 services/CommandInterpreter/CommandInterpreter.o
 .progmem.data.__c.2506
                0x00000930        0x6 services/CommandInterpreter/CommandInterpreter.o
 .progmem.data.__c.2504
                0x00000936        0x4 services/CommandInterpreter/CommandInterpreter.o
 .progmem.data.__c.2502
                0x0000093a        0x5 services/CommandInterpreter/CommandInterpreter.o
 .progmem.data.__c.2500
                0x0000093f        0x6 services/CommandInterpreter/CommandInterpreter.o
 .progmem.data.__c.2498
                0x00000945        0x5 services/CommandInterpreter/CommandInterpreter.o
 .progmem.data.__c.2496
                0x0000094a        0x5 services/CommandInterpreter/CommandInterpreter.o
 .progmem.data.__c.2492
                0x0000094f        0x5 services/CommandInterpreter/CommandInterpreter.o
 .progmem.data.__c.2490
                0x00000954        0x5 services/CommandInterpreter/CommandInterpreter.o
 .progmem.data.__c.2488
                0x00000959        0x4 services/CommandInterpreter/CommandInterpreter.o
 .progmem.data.__c.2486
                0x0000095d        0x4 services/CommandInterpreter/CommandInterpreter.o
 .progmem.data.__c.2484
                0x00000961        0x4 services/CommandInterpreter/CommandInterpreter.o
 .progmem.data.__c.2452
                0x00000965        0x3 services/CommandInterpreter/CommandInterpreter.o
 .progmem.data.MagicFlashKey
                0x00000968        0x5 services/eepromFileSystem/eepromFileSystem.o
                0x00000968                MagicFlashKey
                0x0000096e                . = ALIGN (0x2)
 *fill*         0x0000096d        0x1 
 *(.jumptables)
 *(.jumptables*)
 *(.lowtext)
 *(.lowtext*)
                0x0000096e                __ctors_start = .
 *(.ctors)
                0x0000096e                __ctors_end = .
                0x0000096e                __dtors_start = .
 *(.dtors)
                0x0000096e                __dtors_end = .
 SORT(*)(.ctors)
 SORT(*)(.dtors)
 *(.init0)
 .init0         0x0000096e        0x0 C:/Program Files (x86)/Atmel/Studio/7.0/Packs/atmel/ATmega_DFP/1.0.106/gcc/dev/atmega32u2/avr35/crtatmega32u2.o
                0x0000096e                __init
 *(.init0)
 *(.init1)
 *(.init1)
 *(.init2)
 .init2         0x0000096e        0xc C:/Program Files (x86)/Atmel/Studio/7.0/Packs/atmel/ATmega_DFP/1.0.106/gcc/dev/atmega32u2/avr35/crtatmega32u2.o
 *(.init2)
 *(.init3)
 *(.init3)
 *(.init4)
 .init4         0x0000097a       0x16 c:/program files (x86)/atmel/studio/7.0/toolchain/avr8/avr8-gnu-toolchain/bin/../lib/gcc/avr/5.4.0/avr35\libgcc.a(_copy_data.o)
                0x0000097a                __do_copy_data
 .init4         0x00000990       0x10 c:/program files (x86)/atmel/studio/7.0/toolchain/avr8/avr8-gnu-toolchain/bin/../lib/gcc/avr/5.4.0/avr35\libgcc.a(_clear_bss.o)
                0x00000990                __do_clear_bss
 *(.init4)
 *(.init5)
 *(.init5)
 *(.init6)
 *(.init6)
 *(.init7)
 *(.init7)
 *(.init8)
 *(.init8)
 *(.init9)
 .init9         0x000009a0        0x8 C:/Program Files (x86)/Atmel/Studio/7.0/Packs/atmel/ATmega_DFP/1.0.106/gcc/dev/atmega32u2/avr35/crtatmega32u2.o
 *(.init9)
 *(.text)
 .text          0x000009a8        0x2 C:/Program Files (x86)/Atmel/Studio/7.0/Packs/atmel/ATmega_DFP/1.0.106/gcc/dev/atmega32u2/avr35/crtatmega32u2.o
                0x000009a8                __vector_22
                0x000009a8                __vector_28
                0x000009a8                __vector_1
                0x000009a8                __bad_interrupt
                0x000009a8                __vector_6
                0x000009a8                __vector_3
                0x000009a8                __vector_25
                0x000009a8                __vector_13
                0x000009a8                __vector_7
                0x000009a8                __vector_27
                0x000009a8                __vector_5
                0x000009a8                __vector_4
                0x000009a8                __vector_9
                0x000009a8                __vector_2
                0x000009a8                __vector_21
                0x000009a8                __vector_8
                0x000009a8                __vector_26
                0x000009a8                __vector_14
                0x000009a8                __vector_10
                0x000009a8                __vector_18
                0x000009a8                __vector_20
 .text          0x000009aa       0xc4 driver/SWI2C_special/i2cmaster_senseomod.o
                0x000009b8                i2c_init
                0x000009c2                i2c_start
                0x000009ca                i2c_rep_start
                0x000009de                i2c_start_wait
                0x000009f2                i2c_stop
                0x00000a02                i2c_write
                0x00000a36                i2c_readNak
                0x00000a3a                i2c_readAck
                0x00000a3c                i2c_read
                0x00000a6e                . = ALIGN (0x2)
 *(.text.*)
 .text.CALLBACK_USB_GetDescriptor
                0x00000a6e       0x60 Descriptors.o
                0x00000a6e                CALLBACK_USB_GetDescriptor
 .text.GPIO_Init
                0x00000ace       0x2a driver/gpio/gpio.o
                0x00000ace                GPIO_Init
 .text.voSetLedState
                0x00000af8       0x54 driver/gpio/gpio.o
                0x00000af8                voSetLedState
 .text.emGetLedState
                0x00000b4c       0x2a driver/gpio/gpio.o
                0x00000b4c                emGetLedState
 .text.emGetSwitchState
                0x00000b76       0x28 driver/gpio/gpio.o
                0x00000b76                emGetSwitchState
 .text.emGetHallSwitchState
                0x00000b9e       0x20 driver/gpio/gpio.o
                0x00000b9e                emGetHallSwitchState
 .text.voSetHeaterPowerState
                0x00000bbe        0xc driver/gpio/gpio.o
                0x00000bbe                voSetHeaterPowerState
 .text.emGetHeaterPowerState
                0x00000bca       0x12 driver/gpio/gpio.o
                0x00000bca                emGetHeaterPowerState
 .text.voSetPumpPowerState
                0x00000bdc        0xc driver/gpio/gpio.o
                0x00000bdc                voSetPumpPowerState
 .text.emGetPumpPowerState
                0x00000be8        0x8 driver/gpio/gpio.o
                0x00000be8                emGetPumpPowerState
 .text.voMCP3202_Init
                0x00000bf0        0x2 driver/MCP3202/MCP3202.o
                0x00000bf0                voMCP3202_Init
 .text.u16MCP3202_ReadChannel
                0x00000bf2       0x3a driver/MCP3202/MCP3202.o
                0x00000bf2                u16MCP3202_ReadChannel
 .text.SBNT_SetSCLtoInput
                0x00000c2c        0x8 driver/senseo_button/senseo_button.o
                0x00000c2c                SBNT_SetSCLtoInput
 .text.SBNT_emGetState
                0x00000c34        0x8 driver/senseo_button/senseo_button.o
                0x00000c34                SBNT_emGetState
 .text.SDP_voSetIconVisibility
                0x00000c3c      0x142 driver/senseo_display/senseodisplay.o
                0x00000c3c                SDP_voSetIconVisibility
 .text.voCalcCheckSum
                0x00000d7e       0x2a driver/senseo_display/senseodisplay.o
                0x00000d7e                voCalcCheckSum
 .text.SDP_voRefreshDisplay
                0x00000da8       0x42 driver/senseo_display/senseodisplay.o
                0x00000da8                SDP_voRefreshDisplay
 .text.SDP_emGetIconVisibility
                0x00000dea       0x2c driver/senseo_display/senseodisplay.o
                0x00000dea                SDP_emGetIconVisibility
 .text.__vector_19
                0x00000e16       0x80 driver/Timer/Timer.o
                0x00000e16                __vector_19
 .text.__vector_17
                0x00000e96       0x14 driver/Timer/Timer.o
                0x00000e96                __vector_17
 .text.__vector_16
                0x00000eaa       0x14 driver/Timer/Timer.o
                0x00000eaa                __vector_16
 .text.__vector_15
                0x00000ebe       0x14 driver/Timer/Timer.o
                0x00000ebe                __vector_15
 .text.timer0_setup
                0x00000ed2       0x12 driver/Timer/Timer.o
                0x00000ed2                timer0_setup
 .text.voInit_HwTimer
                0x00000ee4        0x2 driver/Timer/Timer.o
                0x00000ee4                voInit_HwTimer
 .text.u16GetSystemTicksMS
                0x00000ee6        0xa driver/Timer/Timer.o
                0x00000ee6                u16GetSystemTicksMS
 .text.USART_Chip_Select
                0x00000ef0        0x4 driver/USART_SPI_Master/HW_USART_SPI.o
                0x00000ef0                USART_Chip_Select
 .text.USART_Chip_Deselect
                0x00000ef4        0x4 driver/USART_SPI_Master/HW_USART_SPI.o
                0x00000ef4                USART_Chip_Deselect
 .text.USART_SPI_init
                0x00000ef8       0x26 driver/USART_SPI_Master/HW_USART_SPI.o
                0x00000ef8                USART_SPI_init
 .text.USART_SPI_Transmitt
                0x00000f1e       0x1a driver/USART_SPI_Master/HW_USART_SPI.o
                0x00000f1e                USART_SPI_Transmitt
 .text.__vector_24
                0x00000f38       0x80 driver/USART_SPI_Master/HW_USART_SPI.o
                0x00000f38                __vector_24
 .text.__vector_23
                0x00000fb8       0x4c driver/USART_SPI_Master/HW_USART_SPI.o
                0x00000fb8                __vector_23
 .text.voBTC_TaskInit
                0x00001004       0x10 services/boilertempcontroller/boilertempcontroller.o
                0x00001004                voBTC_TaskInit
 .text.voBTC_Task
                0x00001014       0x18 services/boilertempcontroller/boilertempcontroller.o
                0x00001014                voBTC_Task
 .text.voBTC_SetBoilerSetTemp
                0x0000102c        0xa services/boilertempcontroller/boilertempcontroller.o
                0x0000102c                voBTC_SetBoilerSetTemp
 .text.s16BTC_GetCurrentBoilerTemp
                0x00001036        0x2 services/boilertempcontroller/boilertempcontroller.o
                0x00001036                s16BTC_GetCurrentBoilerTemp
 .text.boBTC_GetIsHeating
                0x00001038        0xe services/boilertempcontroller/boilertempcontroller.o
                0x00001038                boBTC_GetIsHeating
 .text.voBLTMP_InitBoilerTemp
                0x00001046        0x2 services/boilertemp/boilertemp.o
                0x00001046                voBLTMP_InitBoilerTemp
 .text.voBLTMP_AddNewRawValue
                0x00001048       0x3a services/boilertemp/boilertemp.o
                0x00001048                voBLTMP_AddNewRawValue
 .text.s16BLTMP_GetBoilerTemp
                0x00001082        0xa services/boilertemp/boilertemp.o
                0x00001082                s16BLTMP_GetBoilerTemp
 .text.voKeyEvent_TaskInit
                0x0000108c       0x2c services/buttondriver/buttondriver.o
                0x0000108c                voKeyEvent_TaskInit
 .text.emGetSwitchStateHAL
                0x000010b8       0x10 services/buttondriver/buttondriver.o
                0x000010b8                emGetSwitchStateHAL
 .text.voKeyEvent_Task
                0x000010c8       0x8a services/buttondriver/buttondriver.o
                0x000010c8                voKeyEvent_Task
 .text.strGetKeyEvent
                0x00001152       0x26 services/buttondriver/buttondriver.o
                0x00001152                strGetKeyEvent
 .text.u16GetStandbyTemp
                0x00001178        0xa services/coffee_fsm/coffee_fsm.o
                0x00001178                u16GetStandbyTemp
 .text.voSetStandbyTemp
                0x00001182       0x1c services/coffee_fsm/coffee_fsm.o
                0x00001182                voSetStandbyTemp
 .text.voCoffeeFSM_TaskInit
                0x0000119e        0x6 services/coffee_fsm/coffee_fsm.o
                0x0000119e                voCoffeeFSM_TaskInit
 .text.boCoffeeFSM_LoadProgramm
                0x000011a4       0x6a services/coffee_fsm/coffee_fsm.o
                0x000011a4                boCoffeeFSM_LoadProgramm
 .text.u8GetCurrenProgrammIdx
                0x0000120e        0x6 services/coffee_fsm/coffee_fsm.o
                0x0000120e                u8GetCurrenProgrammIdx
 .text.voCoffeeFSM_LoadSystemSettings
                0x00001214       0x52 services/coffee_fsm/coffee_fsm.o
                0x00001214                voCoffeeFSM_LoadSystemSettings
 .text.boCoffeeFSM_MakeCoffee
                0x00001266       0x34 services/coffee_fsm/coffee_fsm.o
                0x00001266                boCoffeeFSM_MakeCoffee
 .text.voCoffeeFSM_SetPower
                0x0000129a       0x1a services/coffee_fsm/coffee_fsm.o
                0x0000129a                voCoffeeFSM_SetPower
 .text.voSetCupLevel
                0x000012b4       0x24 services/coffee_fsm/coffee_fsm.o
                0x000012b4                voSetCupLevel
 .text.u8GetCupLevel
                0x000012d8        0x6 services/coffee_fsm/coffee_fsm.o
                0x000012d8                u8GetCupLevel
 .text.voSetAutoPowerOff
                0x000012de       0x12 services/coffee_fsm/coffee_fsm.o
                0x000012de                voSetAutoPowerOff
 .text.u8GetAutoPowerOff
                0x000012f0        0x6 services/coffee_fsm/coffee_fsm.o
                0x000012f0                u8GetAutoPowerOff
 .text.voCoffeeFSM_DrawCup
                0x000012f6       0x38 services/coffee_fsm/coffee_fsm.o
                0x000012f6                voCoffeeFSM_DrawCup
 .text.voProcessLidKey
                0x0000132e       0x38 services/coffee_fsm/coffee_fsm.o
                0x0000132e                voProcessLidKey
 .text.voCoffeeFSM_DrawArrows
                0x00001366       0x10 services/coffee_fsm/coffee_fsm.o
                0x00001366                voCoffeeFSM_DrawArrows
 .text.voCoffeeFSM_DrawWaterEmpty
                0x00001376       0x18 services/coffee_fsm/coffee_fsm.o
                0x00001376                voCoffeeFSM_DrawWaterEmpty
 .text.voCoffeeFSM_DrawThermometer
                0x0000138e       0x4a services/coffee_fsm/coffee_fsm.o
                0x0000138e                voCoffeeFSM_DrawThermometer
 .text.voCoffeeFSM_Task
                0x000013d8      0x512 services/coffee_fsm/coffee_fsm.o
                0x000013d8                voCoffeeFSM_Task
 .text.voCleanBuffer
                0x000018ea       0x1a services/CommandInterpreter/CommandInterpreter.o
                0x000018ea                voCleanBuffer
 .text.CMDI_voInit
                0x00001904       0x10 services/CommandInterpreter/CommandInterpreter.o
                0x00001904                CMDI_voInit
 .text.CMDI_boAddCharToBuffer
                0x00001914       0x6a services/CommandInterpreter/CommandInterpreter.o
                0x00001914                CMDI_boAddCharToBuffer
 .text.StringToUint
                0x0000197e       0xca services/CommandInterpreter/CommandInterpreter.o
                0x0000197e                StringToUint
 .text.finddelimiter
                0x00001a48       0x38 services/CommandInterpreter/CommandInterpreter.o
                0x00001a48                finddelimiter
 .text.voResponseParamErr
                0x00001a80       0x26 services/CommandInterpreter/CommandInterpreter.o
                0x00001a80                voResponseParamErr
 .text.voResponseParserErr
                0x00001aa6       0x26 services/CommandInterpreter/CommandInterpreter.o
                0x00001aa6                voResponseParserErr
 .text.voResponseOk
                0x00001acc       0x26 services/CommandInterpreter/CommandInterpreter.o
                0x00001acc                voResponseOk
 .text.voProcessData
                0x00001af2      0x8ee services/CommandInterpreter/CommandInterpreter.o
                0x00001af2                voProcessData
 .text.CMDI_voTask
                0x000023e0       0x2c services/CommandInterpreter/CommandInterpreter.o
                0x000023e0                CMDI_voTask
 .text.DPS_Init
                0x0000240c       0x46 services/displayservice/displayservice.o
                0x0000240c                DPS_Init
 .text.DPS_voTask
                0x00002452      0x102 services/displayservice/displayservice.o
                0x00002452                DPS_voTask
 .text.DPS_SetBlinkFreq
                0x00002554       0x14 services/displayservice/displayservice.o
                0x00002554                DPS_SetBlinkFreq
 .text.DPS_SetIconVisibility
                0x00002568        0xa services/displayservice/displayservice.o
                0x00002568                DPS_SetIconVisibility
 .text._crc_ccitt_update
                0x00002572       0x24 services/eepromFileSystem/eepromFileSystem.o
 .text.voSetDefaultSystemSettingsValues
                0x00002596       0x24 services/eepromFileSystem/eepromFileSystem.o
                0x00002596                voSetDefaultSystemSettingsValues
 .text.voSetDefaultUserSettingsValues
                0x000025ba       0x3c services/eepromFileSystem/eepromFileSystem.o
                0x000025ba                voSetDefaultUserSettingsValues
 .text.voWriteMagicKey
                0x000025f6       0x80 services/eepromFileSystem/eepromFileSystem.o
                0x000025f6                voWriteMagicKey
 .text.voEEFS_WriteSystemSettings
                0x00002676       0x54 services/eepromFileSystem/eepromFileSystem.o
                0x00002676                voEEFS_WriteSystemSettings
 .text.voEEFS_ReadSystemSettings
                0x000026ca       0x72 services/eepromFileSystem/eepromFileSystem.o
                0x000026ca                voEEFS_ReadSystemSettings
 .text.voEEFS_WriteUserProgramm
                0x0000273c       0x74 services/eepromFileSystem/eepromFileSystem.o
                0x0000273c                voEEFS_WriteUserProgramm
 .text.boEEFS_ReadUserProgramm
                0x000027b0      0x11c services/eepromFileSystem/eepromFileSystem.o
                0x000027b0                boEEFS_ReadUserProgramm
 .text.boEEFS_UpdateUserProgramm
                0x000028cc       0xae services/eepromFileSystem/eepromFileSystem.o
                0x000028cc                boEEFS_UpdateUserProgramm
 .text.boEEFS_ReadUserProgrammParam
                0x0000297a       0x64 services/eepromFileSystem/eepromFileSystem.o
                0x0000297a                boEEFS_ReadUserProgrammParam
 .text.voInitCoffeeCounter
                0x000029de        0xc services/eepromFileSystem/eepromFileSystem.o
                0x000029de                voInitCoffeeCounter
 .text.voEEFS_Init
                0x000029ea       0xc8 services/eepromFileSystem/eepromFileSystem.o
                0x000029ea                voEEFS_Init
 .text.voHMon_Init
                0x00002ab2       0x10 services/healthmonitor/healthmonitor.o
                0x00002ab2                voHMon_Init
 .text.voHMon_Task
                0x00002ac2       0x60 services/healthmonitor/healthmonitor.o
                0x00002ac2                voHMon_Task
 .text.HMon_tGetFaultAndWarning
                0x00002b22       0x40 services/healthmonitor/healthmonitor.o
                0x00002b22                HMon_tGetFaultAndWarning
 .text.voHPC_TaskInit
                0x00002b62       0x12 services/heaterpowercontroller/heaterpowercontroller.o
                0x00002b62                voHPC_TaskInit
 .text.voHPC_SetPowerOutput
                0x00002b74        0xc services/heaterpowercontroller/heaterpowercontroller.o
                0x00002b74                voHPC_SetPowerOutput
 .text.LLS_voInitTask
                0x00002b80       0x2c services/lightningservice/ledlightningservice.o
                0x00002b80                LLS_voInitTask
 .text.LLS_voTask
                0x00002bac       0xf0 services/lightningservice/ledlightningservice.o
                0x00002bac                LLS_voTask
 .text.LLS_voSetLedLightning
                0x00002c9c       0x34 services/lightningservice/ledlightningservice.o
                0x00002c9c                LLS_voSetLedLightning
 .text.voPWRMTR_InitPowermeter
                0x00002cd0        0xa services/powermeter/powermeter.o
                0x00002cd0                voPWRMTR_InitPowermeter
 .text.voPWRMTR_AddNewMessurment
                0x00002cda       0xaa services/powermeter/powermeter.o
                0x00002cda                voPWRMTR_AddNewMessurment
 .text.u32PWRMTR_GetmAmp
                0x00002d84       0x1a services/powermeter/powermeter.o
                0x00002d84                u32PWRMTR_GetmAmp
 .text.voPSE_TaskInit
                0x00002d9e       0x10 services/pumpservice/pumpservice.o
                0x00002d9e                voPSE_TaskInit
 .text.voPSE_Task
                0x00002dae       0x32 services/pumpservice/pumpservice.o
                0x00002dae                voPSE_Task
 .text.voSetPumpState
                0x00002de0       0x16 services/pumpservice/pumpservice.o
                0x00002de0                voSetPumpState
 .text.u32PSE_GetCurrentRuntimeMS
                0x00002df6       0x16 services/pumpservice/pumpservice.o
                0x00002df6                u32PSE_GetCurrentRuntimeMS
 .text.voTMS_InitTask
                0x00002e0c       0x1e services/TimerService/TimerService.o
                0x00002e0c                voTMS_InitTask
 .text.voTMS_Task
                0x00002e2a       0x50 services/TimerService/TimerService.o
                0x00002e2a                voTMS_Task
 .text.voSetTimeOut
                0x00002e7a       0x1e services/TimerService/TimerService.o
                0x00002e7a                voSetTimeOut
 .text.u8GetTimeElapsed
                0x00002e98       0x2e services/TimerService/TimerService.o
                0x00002e98                u8GetTimeElapsed
 .text.WLM_voTask
                0x00002ec6       0xba services/waterlevelmessurment/waterlevelmessurment.o
                0x00002ec6                WLM_voTask
 .text.WLM_emGetLevel
                0x00002f80        0x6 services/waterlevelmessurment/waterlevelmessurment.o
                0x00002f80                WLM_emGetLevel
 .text.CDC_Device_ConfigureEndpoints
                0x00002f86       0x4a src/LUFA/LUFA/Drivers/USB/Class/Device/CDCClassDevice.o
                0x00002f86                CDC_Device_ConfigureEndpoints
 .text.CDC_Device_SendByte
                0x00002fd0       0x56 src/LUFA/LUFA/Drivers/USB/Class/Device/CDCClassDevice.o
                0x00002fd0                CDC_Device_SendByte
 .text.CDC_Device_putchar
                0x00003026       0x20 src/LUFA/LUFA/Drivers/USB/Class/Device/CDCClassDevice.o
 .text.CDC_Device_Flush
                0x00003046       0x54 src/LUFA/LUFA/Drivers/USB/Class/Device/CDCClassDevice.o
                0x00003046                CDC_Device_Flush
 .text.CDC_Device_USBTask
                0x0000309a       0x2c src/LUFA/LUFA/Drivers/USB/Class/Device/CDCClassDevice.o
                0x0000309a                CDC_Device_USBTask
 .text.CDC_Device_ReceiveByte
                0x000030c6       0x5a src/LUFA/LUFA/Drivers/USB/Class/Device/CDCClassDevice.o
                0x000030c6                CDC_Device_ReceiveByte
 .text.CDC_Device_getchar
                0x00003120       0x12 src/LUFA/LUFA/Drivers/USB/Class/Device/CDCClassDevice.o
 .text.CDC_Device_CreateStream
                0x00003132       0x26 src/LUFA/LUFA/Drivers/USB/Class/Device/CDCClassDevice.o
                0x00003132                CDC_Device_CreateStream
 .text.CDC_Device_Event_Stub
                0x00003158        0x2 src/LUFA/LUFA/Drivers/USB/Class/Device/CDCClassDevice.o
                0x00003158                EVENT_CDC_Device_BreakSent
                0x00003158                CDC_Device_Event_Stub
                0x00003158                EVENT_CDC_Device_LineEncodingChanged
 .text.CDC_Device_ProcessControlRequest
                0x0000315a      0x160 src/LUFA/LUFA/Drivers/USB/Class/Device/CDCClassDevice.o
                0x0000315a                CDC_Device_ProcessControlRequest
 .text.Endpoint_Write_Control_Stream_LE
                0x000032ba       0xb6 src/LUFA/LUFA/Drivers/USB/Core/AVR8/EndpointStream_AVR8.o
                0x000032ba                Endpoint_Write_Control_Stream_LE
 .text.Endpoint_Write_Control_PStream_LE
                0x00003370       0xbc src/LUFA/LUFA/Drivers/USB/Core/AVR8/EndpointStream_AVR8.o
                0x00003370                Endpoint_Write_Control_PStream_LE
 .text.Endpoint_ConfigureEndpoint_Prv
                0x0000342c       0x6a src/LUFA/LUFA/Drivers/USB/Core/AVR8/Endpoint_AVR8.o
                0x0000342c                Endpoint_ConfigureEndpoint_Prv
 .text.Endpoint_ConfigureEndpointTable
                0x00003496       0x7a src/LUFA/LUFA/Drivers/USB/Core/AVR8/Endpoint_AVR8.o
                0x00003496                Endpoint_ConfigureEndpointTable
 .text.Endpoint_ClearStatusStage
                0x00003510       0x3e src/LUFA/LUFA/Drivers/USB/Core/AVR8/Endpoint_AVR8.o
                0x00003510                Endpoint_ClearStatusStage
 .text.Endpoint_WaitUntilReady
                0x0000354e       0x66 src/LUFA/LUFA/Drivers/USB/Core/AVR8/Endpoint_AVR8.o
                0x0000354e                Endpoint_WaitUntilReady
 .text.USB_ResetInterface
                0x000035b4       0x72 src/LUFA/LUFA/Drivers/USB/Core/AVR8/USBController_AVR8.o
                0x000035b4                USB_ResetInterface
 .text.USB_Init
                0x00003626       0x12 src/LUFA/LUFA/Drivers/USB/Core/AVR8/USBController_AVR8.o
                0x00003626                USB_Init
 .text.USB_INT_DisableAllInterrupts
                0x00003638        0x6 src/LUFA/LUFA/Drivers/USB/Core/AVR8/USBInterrupt_AVR8.o
                0x00003638                USB_INT_DisableAllInterrupts
 .text.USB_INT_ClearAllInterrupts
                0x0000363e        0x6 src/LUFA/LUFA/Drivers/USB/Core/AVR8/USBInterrupt_AVR8.o
                0x0000363e                USB_INT_ClearAllInterrupts
 .text.__vector_11
                0x00003644      0x152 src/LUFA/LUFA/Drivers/USB/Core/AVR8/USBInterrupt_AVR8.o
                0x00003644                __vector_11
 .text.__vector_12
                0x00003796       0x86 src/LUFA/LUFA/Drivers/USB/Core/AVR8/USBInterrupt_AVR8.o
                0x00003796                __vector_12
 .text.USB_Device_ProcessControlRequest
                0x0000381c      0x2b0 src/LUFA/LUFA/Drivers/USB/Core/DeviceStandardReq.o
                0x0000381c                USB_Device_ProcessControlRequest
 .text.USB_Event_Stub
                0x00003acc        0x2 src/LUFA/LUFA/Drivers/USB/Core/Events.o
                0x00003acc                USB_Event_Stub
                0x00003acc                EVENT_USB_Device_Suspend
                0x00003acc                EVENT_USB_Device_StartOfFrame
                0x00003acc                EVENT_USB_Device_Reset
                0x00003acc                EVENT_USB_Device_WakeUp
 .text.USB_USBTask
                0x00003ace       0x34 src/LUFA/LUFA/Drivers/USB/Core/USBTask.o
                0x00003ace                USB_USBTask
 .text.voMS1000_Tasks
                0x00003b02        0x2 CoffeeMaker.o
                0x00003b02                voMS1000_Tasks
 .text.voMS10_Tasks
                0x00003b04        0x4 CoffeeMaker.o
                0x00003b04                voMS10_Tasks
 .text.voMS100_Tasks
                0x00003b08       0x18 CoffeeMaker.o
                0x00003b08                voMS100_Tasks
 .text.voMS50_Tasks
                0x00003b20        0x6 CoffeeMaker.o
                0x00003b20                voMS50_Tasks
 .text.voMS1_Task
                0x00003b26        0x2 CoffeeMaker.o
                0x00003b26                voMS1_Task
 .text.voUSB_Task
                0x00003b28       0x14 CoffeeMaker.o
                0x00003b28                voUSB_Task
 .text.voProcessTimerOBJ
                0x00003b3c       0x54 CoffeeMaker.o
                0x00003b3c                voProcessTimerOBJ
 .text.boGetConnected
                0x00003b90        0xe CoffeeMaker.o
                0x00003b90                boGetConnected
 .text.GetUSBStream
                0x00003b9e        0x6 CoffeeMaker.o
                0x00003b9e                GetUSBStream
 .text.voScheduler
                0x00003ba4       0x5e CoffeeMaker.o
                0x00003ba4                voScheduler
 .text.SetupHardware
                0x00003c02       0x5c CoffeeMaker.o
                0x00003c02                SetupHardware
 .text.startup.main
                0x00003c5e       0x58 CoffeeMaker.o
                0x00003c5e                main
 .text.EVENT_USB_Device_Connect
                0x00003cb6        0x8 CoffeeMaker.o
                0x00003cb6                EVENT_USB_Device_Connect
 .text.EVENT_USB_Device_Disconnect
                0x00003cbe        0x6 CoffeeMaker.o
                0x00003cbe                EVENT_USB_Device_Disconnect
 .text.EVENT_USB_Device_ConfigurationChanged
                0x00003cc4        0x6 CoffeeMaker.o
                0x00003cc4                EVENT_USB_Device_ConfigurationChanged
 .text.EVENT_USB_Device_ControlRequest
                0x00003cca        0x6 CoffeeMaker.o
                0x00003cca                EVENT_USB_Device_ControlRequest
 .text.EVENT_CDC_Device_ControLineStateChanged
                0x00003cd0        0x2 CoffeeMaker.o
                0x00003cd0                EVENT_CDC_Device_ControLineStateChanged
 .text.libgcc.mul
                0x00003cd2       0x22 c:/program files (x86)/atmel/studio/7.0/toolchain/avr8/avr8-gnu-toolchain/bin/../lib/gcc/avr/5.4.0/avr35\libgcc.a(_mulhi3.o)
                0x00003cd2                __mulhi3
 .text.libgcc.mul
                0x00003cf4       0x32 c:/program files (x86)/atmel/studio/7.0/toolchain/avr8/avr8-gnu-toolchain/bin/../lib/gcc/avr/5.4.0/avr35\libgcc.a(_mulsi3.o)
                0x00003cf4                __mulsi3
                0x00003cf8                __mulsi3_helper
 .text.libgcc.div
                0x00003d26       0x28 c:/program files (x86)/atmel/studio/7.0/toolchain/avr8/avr8-gnu-toolchain/bin/../lib/gcc/avr/5.4.0/avr35\libgcc.a(_udivmodhi4.o)
                0x00003d26                __udivmodhi4
 .text.libgcc.div
                0x00003d4e       0x44 c:/program files (x86)/atmel/studio/7.0/toolchain/avr8/avr8-gnu-toolchain/bin/../lib/gcc/avr/5.4.0/avr35\libgcc.a(_udivmodsi4.o)
                0x00003d4e                __udivmodsi4
 .text.libgcc.div
                0x00003d92       0x28 c:/program files (x86)/atmel/studio/7.0/toolchain/avr8/avr8-gnu-toolchain/bin/../lib/gcc/avr/5.4.0/avr35\libgcc.a(_divmodsi4.o)
                0x00003d92                __divmodsi4
 .text.libgcc.div
                0x00003dba       0x10 c:/program files (x86)/atmel/studio/7.0/toolchain/avr8/avr8-gnu-toolchain/bin/../lib/gcc/avr/5.4.0/avr35\libgcc.a(_negsi2.o)
                0x00003dba                __negsi2
 .text.avr-libc
                0x00003dca       0x12 c:/program files (x86)/atmel/studio/7.0/toolchain/avr8/avr8-gnu-toolchain/bin/../lib/gcc/avr/5.4.0/../../../../avr/lib/avr35\libc.a(strcmp_P.o)
                0x00003dca                strcmp_P
 .text.avr-libc
                0x00003ddc       0x1e c:/program files (x86)/atmel/studio/7.0/toolchain/avr8/avr8-gnu-toolchain/bin/../lib/gcc/avr/5.4.0/../../../../avr/lib/avr35\libc.a(fprintf.o)
                0x00003ddc                fprintf
 .text.avr-libc
                0x00003dfa       0x30 c:/program files (x86)/atmel/studio/7.0/toolchain/avr8/avr8-gnu-toolchain/bin/../lib/gcc/avr/5.4.0/../../../../avr/lib/avr35\libc.a(fprintf_p.o)
                0x00003dfa                fprintf_P
 .text.avr-libc
                0x00003e2a       0x52 c:/program files (x86)/atmel/studio/7.0/toolchain/avr8/avr8-gnu-toolchain/bin/../lib/gcc/avr/5.4.0/../../../../avr/lib/avr35\libc.a(fputs.o)
                0x00003e2a                fputs
 .text.avr-libc
                0x00003e7c      0x3a6 c:/program files (x86)/atmel/studio/7.0/toolchain/avr8/avr8-gnu-toolchain/bin/../lib/gcc/avr/5.4.0/../../../../avr/lib/avr35\libc.a(vfprintf_std.o)
                0x00003e7c                vfprintf
 .text.avr-libc
                0x00004222       0x16 c:/program files (x86)/atmel/studio/7.0/toolchain/avr8/avr8-gnu-toolchain/bin/../lib/gcc/avr/5.4.0/../../../../avr/lib/avr35\libc.a(strnlen_P.o)
                0x00004222                strnlen_P
 .text.avr-libc
                0x00004238       0x16 c:/program files (x86)/atmel/studio/7.0/toolchain/avr8/avr8-gnu-toolchain/bin/../lib/gcc/avr/5.4.0/../../../../avr/lib/avr35\libc.a(strnlen.o)
                0x00004238                strnlen
 .text.avr-libc
                0x0000424e       0x78 c:/program files (x86)/atmel/studio/7.0/toolchain/avr8/avr8-gnu-toolchain/bin/../lib/gcc/avr/5.4.0/../../../../avr/lib/avr35\libc.a(fputc.o)
                0x0000424e                fputc
 .text.avr-libc
                0x000042c6       0xc0 c:/program files (x86)/atmel/studio/7.0/toolchain/avr8/avr8-gnu-toolchain/bin/../lib/gcc/avr/5.4.0/../../../../avr/lib/avr35\libc.a(ultoa_invert.o)
                0x000042c6                __ultoa_invert
 .text.avr-libc
                0x00004386       0x10 C:/Program Files (x86)/Atmel/Studio/7.0/Packs/atmel/ATmega_DFP/1.0.106/gcc/dev/atmega32u2/avr35\libatmega32u2.a(eerd_byte.o)
                0x00004386                eeprom_read_byte
 .text.avr-libc
                0x00004396       0x24 C:/Program Files (x86)/Atmel/Studio/7.0/Packs/atmel/ATmega_DFP/1.0.106/gcc/dev/atmega32u2/avr35\libatmega32u2.a(eeupd_byte.o)
                0x00004396                eeprom_update_byte
                0x00004398                eeprom_update_r18
 .text.avr-libc
                0x000043ba        0x8 C:/Program Files (x86)/Atmel/Studio/7.0/Packs/atmel/ATmega_DFP/1.0.106/gcc/dev/atmega32u2/avr35\libatmega32u2.a(eeupd_word.o)
                0x000043ba                eeprom_update_word
 .text.libgcc.mul
                0x000043c2       0x12 c:/program files (x86)/atmel/studio/7.0/toolchain/avr8/avr8-gnu-toolchain/bin/../lib/gcc/avr/5.4.0/avr35\libgcc.a(_mulqi3.o)
                0x000043c2                __mulqi3
 .text.libgcc.prologue
                0x000043d4       0x38 c:/program files (x86)/atmel/studio/7.0/toolchain/avr8/avr8-gnu-toolchain/bin/../lib/gcc/avr/5.4.0/avr35\libgcc.a(_prologue.o)
                0x000043d4                __prologue_saves__
 .text.libgcc.prologue
                0x0000440c       0x36 c:/program files (x86)/atmel/studio/7.0/toolchain/avr8/avr8-gnu-toolchain/bin/../lib/gcc/avr/5.4.0/avr35\libgcc.a(_epilogue.o)
                0x0000440c                __epilogue_restores__
                0x00004442                . = ALIGN (0x2)
 *(.fini9)
 .fini9         0x00004442        0x0 c:/program files (x86)/atmel/studio/7.0/toolchain/avr8/avr8-gnu-toolchain/bin/../lib/gcc/avr/5.4.0/avr35\libgcc.a(_exit.o)
                0x00004442                _exit
                0x00004442                exit
 *(.fini9)
 *(.fini8)
 *(.fini8)
 *(.fini7)
 *(.fini7)
 *(.fini6)
 *(.fini6)
 *(.fini5)
 *(.fini5)
 *(.fini4)
 *(.fini4)
 *(.fini3)
 *(.fini3)
 *(.fini2)
 *(.fini2)
 *(.fini1)
 *(.fini1)
 *(.fini0)
 .fini0         0x00004442        0x4 c:/program files (x86)/atmel/studio/7.0/toolchain/avr8/avr8-gnu-toolchain/bin/../lib/gcc/avr/5.4.0/avr35\libgcc.a(_exit.o)
 *(.fini0)
                0x00004446                _etext = .

.data           0x00800100       0xd0 load address 0x00004446
                0x00800100                PROVIDE (__data_start, .)
 *(.data)
 *(.data*)
 .data.u8BottelsOfBeer
                0x00800100        0x1 services/CommandInterpreter/CommandInterpreter.o
                0x00800100                u8BottelsOfBeer
 .data.emSwitchDebouncedHigh
                0x00800101        0x1 services/waterlevelmessurment/waterlevelmessurment.o
                0x00800101                emSwitchDebouncedHigh
 .data.emSwitchDebouncedLow
                0x00800102        0x1 services/waterlevelmessurment/waterlevelmessurment.o
                0x00800102                emSwitchDebouncedLow
 .data.emDetectedWarterLevel
                0x00800103        0x1 services/waterlevelmessurment/waterlevelmessurment.o
                0x00800103                emDetectedWarterLevel
 .data.Timer_OBJ
                0x00800104       0x23 CoffeeMaker.o
                0x00800104                Timer_OBJ
 .data.VirtualSerial_CDC_Interface
                0x00800127       0x1b CoffeeMaker.o
                0x00800127                VirtualSerial_CDC_Interface
 *(.gnu.linkonce.d*)
 *(.rodata)
 *(.rodata*)
 .rodata.str1.1
                0x00800142       0x8e services/CommandInterpreter/CommandInterpreter.o
 *(.gnu.linkonce.r*)
                0x008001d0                . = ALIGN (0x2)
                0x008001d0                _edata = .
                0x008001d0                PROVIDE (__data_end, .)

.bss            0x008001d0       0xf1
                0x008001d0                PROVIDE (__bss_start, .)
 *(.bss)
 *(.bss*)
 .bss.DisplayData
                0x008001d0        0x4 driver/senseo_display/senseodisplay.o
 .bss.Ticks     0x008001d4        0x2 driver/Timer/Timer.o
 .bss.TransferLen
                0x008001d6        0x1 driver/USART_SPI_Master/HW_USART_SPI.o
 .bss.TransferPtr
                0x008001d7        0x2 driver/USART_SPI_Master/HW_USART_SPI.o
 .bss.s16BoilerSetpoint
                0x008001d9        0x2 services/boilertempcontroller/boilertempcontroller.o
 .bss.astrKeyEventRegister
                0x008001db       0x14 services/buttondriver/buttondriver.o
 .bss.tStatusBits
                0x008001ef        0x1 services/coffee_fsm/coffee_fsm.o
 .bss.u8ProgrammLoaded
                0x008001f0        0x1 services/coffee_fsm/coffee_fsm.o
 .bss.u32FillTime
                0x008001f1        0x4 services/coffee_fsm/coffee_fsm.o
 .bss.tFSMCoffeProg
                0x008001f5       0x10 services/coffee_fsm/coffee_fsm.o
 .bss.tFSMSettings
                0x00800205        0xa services/coffee_fsm/coffee_fsm.o
 .bss.emFSMState
                0x0080020f        0x1 services/coffee_fsm/coffee_fsm.o
 .bss.u8_1Hz_Cnt
                0x00800210        0x1 services/displayservice/displayservice.o
 .bss.u8_2Hz_Cnt
                0x00800211        0x1 services/displayservice/displayservice.o
 .bss.u8_5Hz_Cnt
                0x00800212        0x1 services/displayservice/displayservice.o
 .bss.u8_10Hz_Cnt
                0x00800213        0x1 services/displayservice/displayservice.o
 .bss.emIconInitialVisibiliyNow
                0x00800214        0x9 services/displayservice/displayservice.o
 .bss.emIconBlinkFreqPrevious
                0x0080021d        0x9 services/displayservice/displayservice.o
 .bss.emIconBlinkFreq
                0x00800226        0x9 services/displayservice/displayservice.o
 .bss.u8CycleCounter
                0x0080022f        0x1 services/heaterpowercontroller/heaterpowercontroller.o
 .bss.u8PowerLimit
                0x00800230        0x1 services/heaterpowercontroller/heaterpowercontroller.o
 .bss.u8PowerSourced
                0x00800231        0x1 services/heaterpowercontroller/heaterpowercontroller.o
 .bss.u8MessurmentCounter
                0x00800232        0x2 services/powermeter/powermeter.o
 .bss.u32RawValue
                0x00800234        0x4 services/powermeter/powermeter.o
 .bss.u16AvgPower
                0x00800238        0x2 services/powermeter/powermeter.o
 .bss.emPumpState
                0x0080023a        0x1 services/pumpservice/pumpservice.o
 .bss.u16PumpRuntime
                0x0080023b        0x2 services/pumpservice/pumpservice.o
 .bss.u8switch_low_debounce
                0x0080023d        0x1 services/waterlevelmessurment/waterlevelmessurment.o
                0x0080023d                u8switch_low_debounce
 .bss.u8switch_high_debounce
                0x0080023e        0x1 services/waterlevelmessurment/waterlevelmessurment.o
                0x0080023e                u8switch_high_debounce
 .bss.connected
                0x0080023f        0x1 CoffeeMaker.o
                0x0080023f                connected
 *(COMMON)
 COMMON         0x00800240        0x4 services/boilertemp/boilertemp.o
                0x00800240                BoilerRawValue
                0x00800242                BoilerTemp
 COMMON         0x00800244       0x44 services/CommandInterpreter/CommandInterpreter.o
                0x00800244                CmdConfig
                0x00800245                u8ProgToChange
                0x00800246                chInputBuffer
                0x00800287                u8InputBufferWriteIdx
 COMMON         0x00800288        0x5 services/healthmonitor/healthmonitor.o
                0x00800288                tCollectedFaults
 COMMON         0x0080028d        0xd services/lightningservice/ledlightningservice.o
                0x0080028d                u8_1Hz_Counter
                0x0080028e                u8_10Hz_Counter
                0x0080028f                u8_5Hz_Counter
                0x00800290                Led_State
                0x00800299                u8_2Hz_Counter
 COMMON         0x0080029a        0xc services/TimerService/TimerService.o
                0x0080029a                TimoutMsCounter
 COMMON         0x008002a6        0x3 src/LUFA/LUFA/Drivers/USB/Core/DeviceStandardReq.o
                0x008002a6                USB_Device_ConfigurationNumber
                0x008002a7                USB_Device_CurrentlySelfPowered
                0x008002a8                USB_Device_RemoteWakeupEnabled
 COMMON         0x008002a9        0xa src/LUFA/LUFA/Drivers/USB/Core/USBTask.o
                0x008002a9                USB_IsInitialized
                0x008002aa                USB_DeviceState
                0x008002ab                USB_ControlRequest
 COMMON         0x008002b3        0xe CoffeeMaker.o
                0x008002b3                USBSerialStream
                0x008002c1                PROVIDE (__bss_end, .)
                0x00004446                __data_load_start = LOADADDR (.data)
                0x00004516                __data_load_end = (__data_load_start + SIZEOF (.data))

.noinit         0x008002c1        0x0
                [!provide]                PROVIDE (__noinit_start, .)
 *(.noinit*)
                [!provide]                PROVIDE (__noinit_end, .)
                0x008002c1                _end = .
                [!provide]                PROVIDE (__heap_start, .)

.eeprom         0x00810000        0x0
 *(.eeprom*)
                0x00810000                __eeprom_end = .

.fuse
 *(.fuse)
 *(.lfuse)
 *(.hfuse)
 *(.efuse)

.lock
 *(.lock*)

.signature
 *(.signature*)

.user_signatures
 *(.user_signatures*)

.stab           0x00000000       0x24
 *(.stab)
 .stab          0x00000000       0x24 driver/SWI2C_special/i2cmaster_senseomod.o

.stabstr        0x00000000       0x3b
 *(.stabstr)
 .stabstr       0x00000000       0x3b driver/SWI2C_special/i2cmaster_senseomod.o

.stab.excl
 *(.stab.excl)

.stab.exclstr
 *(.stab.exclstr)

.stab.index
 *(.stab.index)

.stab.indexstr
 *(.stab.indexstr)

.comment        0x00000000       0x5c
 *(.comment)
 .comment       0x00000000       0x30 Descriptors.o
                                 0x31 (size before relaxing)
 .comment       0x00000030       0x31 driver/gpio/gpio.o
 .comment       0x00000030       0x31 driver/MCP3202/MCP3202.o
 .comment       0x00000030       0x31 driver/senseo_button/senseo_button.o
 .comment       0x00000030       0x31 driver/senseo_display/senseodisplay.o
 .comment       0x00000030       0x31 driver/Timer/Timer.o
 .comment       0x00000030       0x31 driver/USART_SPI_Master/HW_USART_SPI.o
 .comment       0x00000030       0x31 services/boilertempcontroller/boilertempcontroller.o
 .comment       0x00000030       0x31 services/boilertemp/boilertemp.o
 .comment       0x00000030       0x31 services/buttondriver/buttondriver.o
 .comment       0x00000030       0x31 services/coffee_fsm/coffee_fsm.o
 .comment       0x00000030       0x31 services/CommandInterpreter/CommandInterpreter.o
 .comment       0x00000030       0x31 services/displayservice/displayservice.o
 .comment       0x00000030       0x31 services/eepromFileSystem/eepromFileSystem.o
 .comment       0x00000030       0x31 services/healthmonitor/healthmonitor.o
 .comment       0x00000030       0x31 services/heaterpowercontroller/heaterpowercontroller.o
 .comment       0x00000030       0x31 services/lightningservice/ledlightningservice.o
 .comment       0x00000030       0x31 services/powermeter/powermeter.o
 .comment       0x00000030       0x31 services/pumpservice/pumpservice.o
 .comment       0x00000030       0x31 services/TimerService/TimerService.o
 .comment       0x00000030       0x31 services/waterlevelmessurment/waterlevelmessurment.o
 .comment       0x00000030       0x31 src/LUFA/LUFA/Drivers/USB/Class/Device/CDCClassDevice.o
 .comment       0x00000030       0x31 src/LUFA/LUFA/Drivers/USB/Core/AVR8/EndpointStream_AVR8.o
 .comment       0x00000030       0x31 src/LUFA/LUFA/Drivers/USB/Core/AVR8/Endpoint_AVR8.o
 .comment       0x00000030       0x31 src/LUFA/LUFA/Drivers/USB/Core/AVR8/USBController_AVR8.o
 .comment       0x00000030       0x31 src/LUFA/LUFA/Drivers/USB/Core/AVR8/USBInterrupt_AVR8.o
 .comment       0x00000030       0x31 src/LUFA/LUFA/Drivers/USB/Core/DeviceStandardReq.o
 .comment       0x00000030       0x31 src/LUFA/LUFA/Drivers/USB/Core/Events.o
 .comment       0x00000030       0x31 src/LUFA/LUFA/Drivers/USB/Core/USBTask.o
 .comment       0x00000030       0x31 CoffeeMaker.o
 .comment       0x00000030       0x31 c:/program files (x86)/atmel/studio/7.0/toolchain/avr8/avr8-gnu-toolchain/bin/../lib/gcc/avr/5.4.0/../../../../avr/lib/avr35\libc.a(fprintf.o)
 .comment       0x00000030       0x31 c:/program files (x86)/atmel/studio/7.0/toolchain/avr8/avr8-gnu-toolchain/bin/../lib/gcc/avr/5.4.0/../../../../avr/lib/avr35\libc.a(fprintf_p.o)
 .comment       0x00000030       0x31 c:/program files (x86)/atmel/studio/7.0/toolchain/avr8/avr8-gnu-toolchain/bin/../lib/gcc/avr/5.4.0/../../../../avr/lib/avr35\libc.a(fputs.o)
 .comment       0x00000030       0x2c c:/program files (x86)/atmel/studio/7.0/toolchain/avr8/avr8-gnu-toolchain/bin/../lib/gcc/avr/5.4.0/../../../../avr/lib/avr35\libc.a(vfprintf_std.o)
                                 0x2d (size before relaxing)
 .comment       0x0000005c       0x31 c:/program files (x86)/atmel/studio/7.0/toolchain/avr8/avr8-gnu-toolchain/bin/../lib/gcc/avr/5.4.0/../../../../avr/lib/avr35\libc.a(fputc.o)

.note.gnu.avr.deviceinfo
                0x00000000       0x40
 .note.gnu.avr.deviceinfo
                0x00000000       0x40 C:/Program Files (x86)/Atmel/Studio/7.0/Packs/atmel/ATmega_DFP/1.0.106/gcc/dev/atmega32u2/avr35/crtatmega32u2.o

.note.gnu.build-id
 *(.note.gnu.build-id)

.debug
 *(.debug)

.line
 *(.line)

.debug_srcinfo
 *(.debug_srcinfo)

.debug_sfnames
 *(.debug_sfnames)

.debug_aranges  0x00000000      0x918
 *(.debug_aranges)
 .debug_aranges
                0x00000000       0x20 Descriptors.o
 .debug_aranges
                0x00000020       0x60 driver/gpio/gpio.o
 .debug_aranges
                0x00000080       0x30 driver/MCP3202/MCP3202.o
 .debug_aranges
                0x000000b0       0x30 driver/senseo_button/senseo_button.o
 .debug_aranges
                0x000000e0       0x50 driver/senseo_display/senseodisplay.o
 .debug_aranges
                0x00000130       0x20 driver/SWI2C_special/i2cmaster_senseomod.o
 .debug_aranges
                0x00000150       0x48 driver/Timer/Timer.o
 .debug_aranges
                0x00000198       0x50 driver/USART_SPI_Master/HW_USART_SPI.o
 .debug_aranges
                0x000001e8       0x48 services/boilertempcontroller/boilertempcontroller.o
 .debug_aranges
                0x00000230       0x38 services/boilertemp/boilertemp.o
 .debug_aranges
                0x00000268       0x38 services/buttondriver/buttondriver.o
 .debug_aranges
                0x000002a0       0xa8 services/coffee_fsm/coffee_fsm.o
 .debug_aranges
                0x00000348       0x68 services/CommandInterpreter/CommandInterpreter.o
 .debug_aranges
                0x000003b0       0x40 services/displayservice/displayservice.o
 .debug_aranges
                0x000003f0       0x88 services/eepromFileSystem/eepromFileSystem.o
 .debug_aranges
                0x00000478       0x30 services/healthmonitor/healthmonitor.o
 .debug_aranges
                0x000004a8       0x38 services/heaterpowercontroller/heaterpowercontroller.o
 .debug_aranges
                0x000004e0       0x38 services/lightningservice/ledlightningservice.o
 .debug_aranges
                0x00000518       0x50 services/powermeter/powermeter.o
 .debug_aranges
                0x00000568       0x40 services/pumpservice/pumpservice.o
 .debug_aranges
                0x000005a8       0x38 services/TimerService/TimerService.o
 .debug_aranges
                0x000005e0       0x28 services/waterlevelmessurment/waterlevelmessurment.o
 .debug_aranges
                0x00000608       0xa8 src/LUFA/LUFA/Drivers/USB/Class/Device/CDCClassDevice.o
 .debug_aranges
                0x000006b0       0xc8 src/LUFA/LUFA/Drivers/USB/Core/AVR8/EndpointStream_AVR8.o
 .debug_aranges
                0x00000778       0x40 src/LUFA/LUFA/Drivers/USB/Core/AVR8/Endpoint_AVR8.o
 .debug_aranges
                0x000007b8       0x30 src/LUFA/LUFA/Drivers/USB/Core/AVR8/USBController_AVR8.o
 .debug_aranges
                0x000007e8       0x38 src/LUFA/LUFA/Drivers/USB/Core/AVR8/USBInterrupt_AVR8.o
 .debug_aranges
                0x00000820       0x20 src/LUFA/LUFA/Drivers/USB/Core/DeviceStandardReq.o
 .debug_aranges
                0x00000840       0x20 src/LUFA/LUFA/Drivers/USB/Core/Events.o
 .debug_aranges
                0x00000860       0x20 src/LUFA/LUFA/Drivers/USB/Core/USBTask.o
 .debug_aranges
                0x00000880       0x98 CoffeeMaker.o

.debug_pubnames
 *(.debug_pubnames)

.debug_info     0x00000000     0xb02f
 *(.debug_info .gnu.linkonce.wi.*)
 .debug_info    0x00000000      0x799 Descriptors.o
 .debug_info    0x00000799      0x26c driver/gpio/gpio.o
 .debug_info    0x00000a05      0x192 driver/MCP3202/MCP3202.o
 .debug_info    0x00000b97       0xfa driver/senseo_button/senseo_button.o
 .debug_info    0x00000c91      0x369 driver/senseo_display/senseodisplay.o
 .debug_info    0x00000ffa       0xa3 driver/SWI2C_special/i2cmaster_senseomod.o
 .debug_info    0x0000109d      0x1b5 driver/Timer/Timer.o
 .debug_info    0x00001252      0x1e4 driver/USART_SPI_Master/HW_USART_SPI.o
 .debug_info    0x00001436      0x289 services/boilertempcontroller/boilertempcontroller.o
 .debug_info    0x000016bf      0x135 services/boilertemp/boilertemp.o
 .debug_info    0x000017f4      0x2b4 services/buttondriver/buttondriver.o
 .debug_info    0x00001aa8     0x110e services/coffee_fsm/coffee_fsm.o
 .debug_info    0x00002bb6     0x149f services/CommandInterpreter/CommandInterpreter.o
 .debug_info    0x00004055      0x38a services/displayservice/displayservice.o
 .debug_info    0x000043df      0xbbb services/eepromFileSystem/eepromFileSystem.o
 .debug_info    0x00004f9a      0x1a3 services/healthmonitor/healthmonitor.o
 .debug_info    0x0000513d      0x17b services/heaterpowercontroller/heaterpowercontroller.o
 .debug_info    0x000052b8      0x32c services/lightningservice/ledlightningservice.o
 .debug_info    0x000055e4      0x175 services/powermeter/powermeter.o
 .debug_info    0x00005759      0x1a3 services/pumpservice/pumpservice.o
 .debug_info    0x000058fc      0x183 services/TimerService/TimerService.o
 .debug_info    0x00005a7f      0x1b0 services/waterlevelmessurment/waterlevelmessurment.o
 .debug_info    0x00005c2f     0x10a3 src/LUFA/LUFA/Drivers/USB/Class/Device/CDCClassDevice.o
 .debug_info    0x00006cd2     0x17cc src/LUFA/LUFA/Drivers/USB/Core/AVR8/EndpointStream_AVR8.o
 .debug_info    0x0000849e      0x624 src/LUFA/LUFA/Drivers/USB/Core/AVR8/Endpoint_AVR8.o
 .debug_info    0x00008ac2      0x487 src/LUFA/LUFA/Drivers/USB/Core/AVR8/USBController_AVR8.o
 .debug_info    0x00008f49      0x726 src/LUFA/LUFA/Drivers/USB/Core/AVR8/USBInterrupt_AVR8.o
 .debug_info    0x0000966f      0xa2f src/LUFA/LUFA/Drivers/USB/Core/DeviceStandardReq.o
 .debug_info    0x0000a09e       0x7c src/LUFA/LUFA/Drivers/USB/Core/Events.o
 .debug_info    0x0000a11a      0x276 src/LUFA/LUFA/Drivers/USB/Core/USBTask.o
 .debug_info    0x0000a390      0xc9f CoffeeMaker.o

.debug_abbrev   0x00000000     0x2f87
 *(.debug_abbrev)
 .debug_abbrev  0x00000000      0x15c Descriptors.o
 .debug_abbrev  0x0000015c      0x103 driver/gpio/gpio.o
 .debug_abbrev  0x0000025f       0xf9 driver/MCP3202/MCP3202.o
 .debug_abbrev  0x00000358       0x95 driver/senseo_button/senseo_button.o
 .debug_abbrev  0x000003ed      0x171 driver/senseo_display/senseodisplay.o
 .debug_abbrev  0x0000055e       0x14 driver/SWI2C_special/i2cmaster_senseomod.o
 .debug_abbrev  0x00000572      0x139 driver/Timer/Timer.o
 .debug_abbrev  0x000006ab      0x127 driver/USART_SPI_Master/HW_USART_SPI.o
 .debug_abbrev  0x000007d2      0x14c services/boilertempcontroller/boilertempcontroller.o
 .debug_abbrev  0x0000091e       0xba services/boilertemp/boilertemp.o
 .debug_abbrev  0x000009d8      0x164 services/buttondriver/buttondriver.o
 .debug_abbrev  0x00000b3c      0x291 services/coffee_fsm/coffee_fsm.o
 .debug_abbrev  0x00000dcd      0x2e5 services/CommandInterpreter/CommandInterpreter.o
 .debug_abbrev  0x000010b2      0x15e services/displayservice/displayservice.o
 .debug_abbrev  0x00001210      0x2aa services/eepromFileSystem/eepromFileSystem.o
 .debug_abbrev  0x000014ba      0x100 services/healthmonitor/healthmonitor.o
 .debug_abbrev  0x000015ba       0xf1 services/heaterpowercontroller/heaterpowercontroller.o
 .debug_abbrev  0x000016ab      0x174 services/lightningservice/ledlightningservice.o
 .debug_abbrev  0x0000181f       0xa9 services/powermeter/powermeter.o
 .debug_abbrev  0x000018c8       0xe9 services/pumpservice/pumpservice.o
 .debug_abbrev  0x000019b1       0xd2 services/TimerService/TimerService.o
 .debug_abbrev  0x00001a83       0xe5 services/waterlevelmessurment/waterlevelmessurment.o
 .debug_abbrev  0x00001b68      0x466 src/LUFA/LUFA/Drivers/USB/Class/Device/CDCClassDevice.o
 .debug_abbrev  0x00001fce      0x1ed src/LUFA/LUFA/Drivers/USB/Core/AVR8/EndpointStream_AVR8.o
 .debug_abbrev  0x000021bb      0x229 src/LUFA/LUFA/Drivers/USB/Core/AVR8/Endpoint_AVR8.o
 .debug_abbrev  0x000023e4      0x18b src/LUFA/LUFA/Drivers/USB/Core/AVR8/USBController_AVR8.o
 .debug_abbrev  0x0000256f      0x216 src/LUFA/LUFA/Drivers/USB/Core/AVR8/USBInterrupt_AVR8.o
 .debug_abbrev  0x00002785      0x29f src/LUFA/LUFA/Drivers/USB/Core/DeviceStandardReq.o
 .debug_abbrev  0x00002a24       0x47 src/LUFA/LUFA/Drivers/USB/Core/Events.o
 .debug_abbrev  0x00002a6b      0x16e src/LUFA/LUFA/Drivers/USB/Core/USBTask.o
 .debug_abbrev  0x00002bd9      0x3ae CoffeeMaker.o

.debug_line     0x00000000     0xe65c
 *(.debug_line .debug_line.* .debug_line_end)
 .debug_line    0x00000000      0xca7 Descriptors.o
 .debug_line    0x00000ca7      0x496 driver/gpio/gpio.o
 .debug_line    0x0000113d      0x2ec driver/MCP3202/MCP3202.o
 .debug_line    0x00001429      0x2c3 driver/senseo_button/senseo_button.o
 .debug_line    0x000016ec      0x5a1 driver/senseo_display/senseodisplay.o
 .debug_line    0x00001c8d      0x2a2 driver/SWI2C_special/i2cmaster_senseomod.o
 .debug_line    0x00001f2f      0x3e3 driver/Timer/Timer.o
 .debug_line    0x00002312      0x3b3 driver/USART_SPI_Master/HW_USART_SPI.o
 .debug_line    0x000026c5      0x40e services/boilertempcontroller/boilertempcontroller.o
 .debug_line    0x00002ad3      0x2c4 services/boilertemp/boilertemp.o
 .debug_line    0x00002d97      0x456 services/buttondriver/buttondriver.o
 .debug_line    0x000031ed      0xce4 services/coffee_fsm/coffee_fsm.o
 .debug_line    0x00003ed1      0xc4c services/CommandInterpreter/CommandInterpreter.o
 .debug_line    0x00004b1d      0x33b services/displayservice/displayservice.o
 .debug_line    0x00004e58      0x7aa services/eepromFileSystem/eepromFileSystem.o
 .debug_line    0x00005602      0x3d9 services/healthmonitor/healthmonitor.o
 .debug_line    0x000059db      0x371 services/heaterpowercontroller/heaterpowercontroller.o
 .debug_line    0x00005d4c      0x46a services/lightningservice/ledlightningservice.o
 .debug_line    0x000061b6      0x345 services/powermeter/powermeter.o
 .debug_line    0x000064fb      0x329 services/pumpservice/pumpservice.o
 .debug_line    0x00006824      0x1d9 services/TimerService/TimerService.o
 .debug_line    0x000069fd      0x38a services/waterlevelmessurment/waterlevelmessurment.o
 .debug_line    0x00006d87     0x1359 src/LUFA/LUFA/Drivers/USB/Class/Device/CDCClassDevice.o
 .debug_line    0x000080e0     0x1a88 src/LUFA/LUFA/Drivers/USB/Core/AVR8/EndpointStream_AVR8.o
 .debug_line    0x00009b68      0xb67 src/LUFA/LUFA/Drivers/USB/Core/AVR8/Endpoint_AVR8.o
 .debug_line    0x0000a6cf      0x8aa src/LUFA/LUFA/Drivers/USB/Core/AVR8/USBController_AVR8.o
 .debug_line    0x0000af79      0xa8c src/LUFA/LUFA/Drivers/USB/Core/AVR8/USBInterrupt_AVR8.o
 .debug_line    0x0000ba05      0xa5d src/LUFA/LUFA/Drivers/USB/Core/DeviceStandardReq.o
 .debug_line    0x0000c462      0x47a src/LUFA/LUFA/Drivers/USB/Core/Events.o
 .debug_line    0x0000c8dc      0x7fa src/LUFA/LUFA/Drivers/USB/Core/USBTask.o
 .debug_line    0x0000d0d6     0x1586 CoffeeMaker.o

.debug_frame    0x00000000     0x1694
 *(.debug_frame)
 .debug_frame   0x00000000       0x24 Descriptors.o
 .debug_frame   0x00000024       0xa4 driver/gpio/gpio.o
 .debug_frame   0x000000c8       0x50 driver/MCP3202/MCP3202.o
 .debug_frame   0x00000118       0x44 driver/senseo_button/senseo_button.o
 .debug_frame   0x0000015c       0x84 driver/senseo_display/senseodisplay.o
 .debug_frame   0x000001e0      0x110 driver/Timer/Timer.o
 .debug_frame   0x000002f0       0xf4 driver/USART_SPI_Master/HW_USART_SPI.o
 .debug_frame   0x000003e4       0x74 services/boilertempcontroller/boilertempcontroller.o
 .debug_frame   0x00000458       0x54 services/boilertemp/boilertemp.o
 .debug_frame   0x000004ac       0x64 services/buttondriver/buttondriver.o
 .debug_frame   0x00000510      0x1b0 services/coffee_fsm/coffee_fsm.o
 .debug_frame   0x000006c0      0x194 services/CommandInterpreter/CommandInterpreter.o
 .debug_frame   0x00000854       0xb4 services/displayservice/displayservice.o
 .debug_frame   0x00000908      0x230 services/eepromFileSystem/eepromFileSystem.o
 .debug_frame   0x00000b38       0x54 services/healthmonitor/healthmonitor.o
 .debug_frame   0x00000b8c       0x54 services/heaterpowercontroller/heaterpowercontroller.o
 .debug_frame   0x00000be0       0x64 services/lightningservice/ledlightningservice.o
 .debug_frame   0x00000c44       0x90 services/powermeter/powermeter.o
 .debug_frame   0x00000cd4       0x64 services/pumpservice/pumpservice.o
 .debug_frame   0x00000d38       0x54 services/TimerService/TimerService.o
 .debug_frame   0x00000d8c       0x3c services/waterlevelmessurment/waterlevelmessurment.o
 .debug_frame   0x00000dc8      0x198 src/LUFA/LUFA/Drivers/USB/Class/Device/CDCClassDevice.o
 .debug_frame   0x00000f60      0x3bc src/LUFA/LUFA/Drivers/USB/Core/AVR8/EndpointStream_AVR8.o
 .debug_frame   0x0000131c       0x78 src/LUFA/LUFA/Drivers/USB/Core/AVR8/Endpoint_AVR8.o
 .debug_frame   0x00001394       0x44 src/LUFA/LUFA/Drivers/USB/Core/AVR8/USBController_AVR8.o
 .debug_frame   0x000013d8       0xec src/LUFA/LUFA/Drivers/USB/Core/AVR8/USBInterrupt_AVR8.o
 .debug_frame   0x000014c4       0x3c src/LUFA/LUFA/Drivers/USB/Core/DeviceStandardReq.o
 .debug_frame   0x00001500       0x24 src/LUFA/LUFA/Drivers/USB/Core/Events.o
 .debug_frame   0x00001524       0x2c src/LUFA/LUFA/Drivers/USB/Core/USBTask.o
 .debug_frame   0x00001550      0x144 CoffeeMaker.o

.debug_str      0x00000000    0x17632
 *(.debug_str)
 .debug_str     0x00000000    0x12a0c Descriptors.o
                              0x12ce8 (size before relaxing)
 .debug_str     0x00012a0c      0x485 driver/gpio/gpio.o
                               0x70b6 (size before relaxing)
 .debug_str     0x00012e91      0x264 driver/MCP3202/MCP3202.o
                               0x7100 (size before relaxing)
 .debug_str     0x000130f5       0xb7 driver/senseo_button/senseo_button.o
                               0x6d11 (size before relaxing)
 .debug_str     0x000131ac      0x432 driver/senseo_display/senseodisplay.o
                               0x70ba (size before relaxing)
 .debug_str     0x000135de       0xf7 driver/Timer/Timer.o
                               0x74a8 (size before relaxing)
 .debug_str     0x000136d5      0x110 driver/USART_SPI_Master/HW_USART_SPI.o
                               0x74f8 (size before relaxing)
 .debug_str     0x000137e5      0x1f1 services/boilertempcontroller/boilertempcontroller.o
                               0x72be (size before relaxing)
 .debug_str     0x000139d6       0x56 services/boilertemp/boilertemp.o
                               0x70de (size before relaxing)
 .debug_str     0x00013a2c      0x1cb services/buttondriver/buttondriver.o
                               0x6e8b (size before relaxing)
 .debug_str     0x00013bf7      0x8f0 services/coffee_fsm/coffee_fsm.o
                               0x825e (size before relaxing)
 .debug_str     0x000144e7      0x49c services/CommandInterpreter/CommandInterpreter.o
                               0x8f26 (size before relaxing)
 .debug_str     0x00014983       0xdc services/displayservice/displayservice.o
                               0x412c (size before relaxing)
 .debug_str     0x00014a5f      0x36b services/eepromFileSystem/eepromFileSystem.o
                               0x90c5 (size before relaxing)
 .debug_str     0x00014dca       0xba services/healthmonitor/healthmonitor.o
                               0x718d (size before relaxing)
 .debug_str     0x00014e84       0x9c services/heaterpowercontroller/heaterpowercontroller.o
                               0x7117 (size before relaxing)
 .debug_str     0x00014f20      0x104 services/lightningservice/ledlightningservice.o
                               0x6e88 (size before relaxing)
 .debug_str     0x00015024       0xb7 services/powermeter/powermeter.o
                               0x710e (size before relaxing)
 .debug_str     0x000150db       0x76 services/pumpservice/pumpservice.o
                               0x6d69 (size before relaxing)
 .debug_str     0x00015151       0x81 services/TimerService/TimerService.o
                               0x37d5 (size before relaxing)
 .debug_str     0x000151d2      0x12b services/waterlevelmessurment/waterlevelmessurment.o
                               0x6e0a (size before relaxing)
 .debug_str     0x000152fd      0x836 src/LUFA/LUFA/Drivers/USB/Class/Device/CDCClassDevice.o
                              0x12ba0 (size before relaxing)
 .debug_str     0x00015b33      0x888 src/LUFA/LUFA/Drivers/USB/Core/AVR8/EndpointStream_AVR8.o
                               0xcee9 (size before relaxing)
 .debug_str     0x000163bb      0x1c6 src/LUFA/LUFA/Drivers/USB/Core/AVR8/Endpoint_AVR8.o
                               0xc598 (size before relaxing)
 .debug_str     0x00016581      0x284 src/LUFA/LUFA/Drivers/USB/Core/AVR8/USBController_AVR8.o
                               0xc4cf (size before relaxing)
 .debug_str     0x00016805      0x182 src/LUFA/LUFA/Drivers/USB/Core/AVR8/USBInterrupt_AVR8.o
                               0xc503 (size before relaxing)
 .debug_str     0x00016987      0x475 src/LUFA/LUFA/Drivers/USB/Core/DeviceStandardReq.o
                               0xc969 (size before relaxing)
 .debug_str     0x00016dfc       0x53 src/LUFA/LUFA/Drivers/USB/Core/Events.o
                               0xb75c (size before relaxing)
 .debug_str     0x00016e4f       0x62 src/LUFA/LUFA/Drivers/USB/Core/USBTask.o
                               0xc317 (size before relaxing)
 .debug_str     0x00016eb1      0x781 CoffeeMaker.o
                              0x134d7 (size before relaxing)

.debug_loc      0x00000000     0x668f
 *(.debug_loc)
 .debug_loc     0x00000000      0x186 Descriptors.o
 .debug_loc     0x00000186      0x1db driver/gpio/gpio.o
 .debug_loc     0x00000361       0xbf driver/MCP3202/MCP3202.o
 .debug_loc     0x00000420       0x46 driver/senseo_button/senseo_button.o
 .debug_loc     0x00000466      0x1e2 driver/senseo_display/senseodisplay.o
 .debug_loc     0x00000648      0x142 driver/Timer/Timer.o
 .debug_loc     0x0000078a      0x18d driver/USART_SPI_Master/HW_USART_SPI.o
 .debug_loc     0x00000917       0x28 services/boilertempcontroller/boilertempcontroller.o
 .debug_loc     0x0000093f       0x77 services/boilertemp/boilertemp.o
 .debug_loc     0x000009b6      0x161 services/buttondriver/buttondriver.o
 .debug_loc     0x00000b17      0x6fe services/coffee_fsm/coffee_fsm.o
 .debug_loc     0x00001215      0x9e5 services/CommandInterpreter/CommandInterpreter.o
 .debug_loc     0x00001bfa      0x1a4 services/displayservice/displayservice.o
 .debug_loc     0x00001d9e      0xd91 services/eepromFileSystem/eepromFileSystem.o
 .debug_loc     0x00002b2f       0x5b services/healthmonitor/healthmonitor.o
 .debug_loc     0x00002b8a       0x21 services/heaterpowercontroller/heaterpowercontroller.o
 .debug_loc     0x00002bab      0x1b6 services/lightningservice/ledlightningservice.o
 .debug_loc     0x00002d61       0x73 services/powermeter/powermeter.o
 .debug_loc     0x00002dd4       0x2c services/pumpservice/pumpservice.o
 .debug_loc     0x00002e00       0xca services/TimerService/TimerService.o
 .debug_loc     0x00002eca       0x81 services/waterlevelmessurment/waterlevelmessurment.o
 .debug_loc     0x00002f4b      0xb5a src/LUFA/LUFA/Drivers/USB/Class/Device/CDCClassDevice.o
 .debug_loc     0x00003aa5     0x1f6f src/LUFA/LUFA/Drivers/USB/Core/AVR8/EndpointStream_AVR8.o
 .debug_loc     0x00005a14      0x399 src/LUFA/LUFA/Drivers/USB/Core/AVR8/Endpoint_AVR8.o
 .debug_loc     0x00005dad       0x78 src/LUFA/LUFA/Drivers/USB/Core/AVR8/USBController_AVR8.o
 .debug_loc     0x00005e25      0x3b8 src/LUFA/LUFA/Drivers/USB/Core/AVR8/USBInterrupt_AVR8.o
 .debug_loc     0x000061dd      0x2d7 src/LUFA/LUFA/Drivers/USB/Core/DeviceStandardReq.o
 .debug_loc     0x000064b4       0x49 src/LUFA/LUFA/Drivers/USB/Core/USBTask.o
 .debug_loc     0x000064fd      0x192 CoffeeMaker.o

.debug_macinfo
 *(.debug_macinfo)

.debug_weaknames
 *(.debug_weaknames)

.debug_funcnames
 *(.debug_funcnames)

.debug_typenames
 *(.debug_typenames)

.debug_varnames
 *(.debug_varnames)

.debug_pubtypes
 *(.debug_pubtypes)

.debug_ranges   0x00000000      0x960
 *(.debug_ranges)
 .debug_ranges  0x00000000       0x28 Descriptors.o
 .debug_ranges  0x00000028       0x50 driver/gpio/gpio.o
 .debug_ranges  0x00000078       0x20 driver/MCP3202/MCP3202.o
 .debug_ranges  0x00000098       0x20 driver/senseo_button/senseo_button.o
 .debug_ranges  0x000000b8       0x40 driver/senseo_display/senseodisplay.o
 .debug_ranges  0x000000f8       0x38 driver/Timer/Timer.o
 .debug_ranges  0x00000130       0x40 driver/USART_SPI_Master/HW_USART_SPI.o
 .debug_ranges  0x00000170       0x38 services/boilertempcontroller/boilertempcontroller.o
 .debug_ranges  0x000001a8       0x28 services/boilertemp/boilertemp.o
 .debug_ranges  0x000001d0       0x28 services/buttondriver/buttondriver.o
 .debug_ranges  0x000001f8       0xf8 services/coffee_fsm/coffee_fsm.o
 .debug_ranges  0x000002f0       0x88 services/CommandInterpreter/CommandInterpreter.o
 .debug_ranges  0x00000378       0x30 services/displayservice/displayservice.o
 .debug_ranges  0x000003a8       0x78 services/eepromFileSystem/eepromFileSystem.o
 .debug_ranges  0x00000420       0x20 services/healthmonitor/healthmonitor.o
 .debug_ranges  0x00000440       0x28 services/heaterpowercontroller/heaterpowercontroller.o
 .debug_ranges  0x00000468       0x28 services/lightningservice/ledlightningservice.o
 .debug_ranges  0x00000490       0x40 services/powermeter/powermeter.o
 .debug_ranges  0x000004d0       0x30 services/pumpservice/pumpservice.o
 .debug_ranges  0x00000500       0x28 services/TimerService/TimerService.o
 .debug_ranges  0x00000528       0x18 services/waterlevelmessurment/waterlevelmessurment.o
 .debug_ranges  0x00000540       0x98 src/LUFA/LUFA/Drivers/USB/Class/Device/CDCClassDevice.o
 .debug_ranges  0x000005d8      0x1f8 src/LUFA/LUFA/Drivers/USB/Core/AVR8/EndpointStream_AVR8.o
 .debug_ranges  0x000007d0       0x78 src/LUFA/LUFA/Drivers/USB/Core/AVR8/Endpoint_AVR8.o
 .debug_ranges  0x00000848       0x20 src/LUFA/LUFA/Drivers/USB/Core/AVR8/USBController_AVR8.o
 .debug_ranges  0x00000868       0x28 src/LUFA/LUFA/Drivers/USB/Core/AVR8/USBInterrupt_AVR8.o
 .debug_ranges  0x00000890       0x28 src/LUFA/LUFA/Drivers/USB/Core/DeviceStandardReq.o
 .debug_ranges  0x000008b8       0x10 src/LUFA/LUFA/Drivers/USB/Core/Events.o
 .debug_ranges  0x000008c8       0x10 src/LUFA/LUFA/Drivers/USB/Core/USBTask.o
 .debug_ranges  0x000008d8       0x88 CoffeeMaker.o

.debug_macro    0x00000000     0x8544
 *(.debug_macro)
 .debug_macro   0x00000000      0x439 Descriptors.o
 .debug_macro   0x00000439      0xa66 Descriptors.o
 .debug_macro   0x00000e9f       0x10 Descriptors.o
 .debug_macro   0x00000eaf      0x1c9 Descriptors.o
 .debug_macro   0x00001078      0x2fc Descriptors.o
 .debug_macro   0x00001374       0x89 Descriptors.o
 .debug_macro   0x000013fd       0xaa Descriptors.o
 .debug_macro   0x000014a7     0x1601 Descriptors.o
 .debug_macro   0x00002aa8      0x13a Descriptors.o
 .debug_macro   0x00002be2       0xcb Descriptors.o
 .debug_macro   0x00002cad       0x34 Descriptors.o
 .debug_macro   0x00002ce1       0x18 Descriptors.o
 .debug_macro   0x00002cf9       0x6c Descriptors.o
 .debug_macro   0x00002d65       0xee Descriptors.o
 .debug_macro   0x00002e53       0x12 Descriptors.o
 .debug_macro   0x00002e65       0x10 Descriptors.o
 .debug_macro   0x00002e75       0x22 Descriptors.o
 .debug_macro   0x00002e97       0x16 Descriptors.o
 .debug_macro   0x00002ead       0x20 Descriptors.o
 .debug_macro   0x00002ecd       0xf6 Descriptors.o
 .debug_macro   0x00002fc3       0x22 Descriptors.o
 .debug_macro   0x00002fe5      0x1a0 Descriptors.o
 .debug_macro   0x00003185       0x2f Descriptors.o
 .debug_macro   0x000031b4       0x1c Descriptors.o
 .debug_macro   0x000031d0       0x68 Descriptors.o
 .debug_macro   0x00003238       0x2e Descriptors.o
 .debug_macro   0x00003266       0x69 Descriptors.o
 .debug_macro   0x000032cf       0x33 Descriptors.o
 .debug_macro   0x00003302      0x10c Descriptors.o
 .debug_macro   0x0000340e      0x160 Descriptors.o
 .debug_macro   0x0000356e      0x160 Descriptors.o
 .debug_macro   0x000036ce       0x10 Descriptors.o
 .debug_macro   0x000036de       0x1c Descriptors.o
 .debug_macro   0x000036fa       0x86 Descriptors.o
 .debug_macro   0x00003780       0x3c Descriptors.o
 .debug_macro   0x000037bc       0x19 Descriptors.o
 .debug_macro   0x000037d5       0x4d Descriptors.o
 .debug_macro   0x00003822       0x73 Descriptors.o
 .debug_macro   0x00003895       0x16 Descriptors.o
 .debug_macro   0x000038ab       0x12 Descriptors.o
 .debug_macro   0x000038bd       0x1c Descriptors.o
 .debug_macro   0x000038d9       0x64 Descriptors.o
 .debug_macro   0x0000393d       0x41 Descriptors.o
 .debug_macro   0x0000397e       0x10 Descriptors.o
 .debug_macro   0x0000398e       0x1c Descriptors.o
 .debug_macro   0x000039aa       0x16 Descriptors.o
 .debug_macro   0x000039c0       0x16 Descriptors.o
 .debug_macro   0x000039d6      0x12c Descriptors.o
 .debug_macro   0x00003b02       0x16 Descriptors.o
 .debug_macro   0x00003b18       0x46 Descriptors.o
 .debug_macro   0x00003b5e       0x58 Descriptors.o
 .debug_macro   0x00003bb6       0x10 Descriptors.o
 .debug_macro   0x00003bc6       0x35 Descriptors.o
 .debug_macro   0x00003bfb       0xf2 Descriptors.o
 .debug_macro   0x00003ced       0x16 Descriptors.o
 .debug_macro   0x00003d03      0x154 Descriptors.o
 .debug_macro   0x00003e57       0x2a Descriptors.o
 .debug_macro   0x00003e81      0x6ce Descriptors.o
 .debug_macro   0x0000454f       0x16 Descriptors.o
 .debug_macro   0x00004565      0x132 Descriptors.o
 .debug_macro   0x00004697       0x16 Descriptors.o
 .debug_macro   0x000046ad       0x10 Descriptors.o
 .debug_macro   0x000046bd       0x6c Descriptors.o
 .debug_macro   0x00004729       0x16 Descriptors.o
 .debug_macro   0x0000473f       0x1c Descriptors.o
 .debug_macro   0x0000475b       0x16 Descriptors.o
 .debug_macro   0x00004771       0x10 Descriptors.o
 .debug_macro   0x00004781      0x1be Descriptors.o
 .debug_macro   0x0000493f       0x16 Descriptors.o
 .debug_macro   0x00004955       0x22 Descriptors.o
 .debug_macro   0x00004977       0xb6 driver/gpio/gpio.o
 .debug_macro   0x00004a2d       0x10 driver/gpio/gpio.o
 .debug_macro   0x00004a3d       0x9e driver/gpio/gpio.o
 .debug_macro   0x00004adb       0xfa driver/gpio/gpio.o
 .debug_macro   0x00004bd5       0xba driver/MCP3202/MCP3202.o
 .debug_macro   0x00004c8f       0x1c driver/MCP3202/MCP3202.o
 .debug_macro   0x00004cab      0x10e driver/MCP3202/MCP3202.o
 .debug_macro   0x00004db9       0x66 driver/MCP3202/MCP3202.o
 .debug_macro   0x00004e1f       0xb3 driver/senseo_button/senseo_button.o
 .debug_macro   0x00004ed2      0x12e driver/senseo_display/senseodisplay.o
 .debug_macro   0x00005000       0x17 driver/senseo_display/senseodisplay.o
 .debug_macro   0x00005017       0xd8 driver/Timer/Timer.o
 .debug_macro   0x000050ef       0x16 driver/Timer/Timer.o
 .debug_macro   0x00005105       0xd5 driver/USART_SPI_Master/HW_USART_SPI.o
 .debug_macro   0x000051da       0xd9 services/boilertempcontroller/boilertempcontroller.o
 .debug_macro   0x000052b3      0x302 services/boilertempcontroller/boilertempcontroller.o
 .debug_macro   0x000055b5       0xa8 services/boilertemp/boilertemp.o
 .debug_macro   0x0000565d       0xc4 services/buttondriver/buttondriver.o
 .debug_macro   0x00005721       0x1c services/buttondriver/buttondriver.o
 .debug_macro   0x0000573d      0x18d services/coffee_fsm/coffee_fsm.o
 .debug_macro   0x000058ca       0x34 services/coffee_fsm/coffee_fsm.o
 .debug_macro   0x000058fe      0x13d services/CommandInterpreter/CommandInterpreter.o
 .debug_macro   0x00005a3b       0x12 services/CommandInterpreter/CommandInterpreter.o
 .debug_macro   0x00005a4d       0xe2 services/CommandInterpreter/CommandInterpreter.o
 .debug_macro   0x00005b2f       0x97 services/CommandInterpreter/CommandInterpreter.o
 .debug_macro   0x00005bc6       0x5a services/CommandInterpreter/CommandInterpreter.o
 .debug_macro   0x00005c20       0x10 services/CommandInterpreter/CommandInterpreter.o
 .debug_macro   0x00005c30       0x7b services/displayservice/displayservice.o
 .debug_macro   0x00005cab      0x144 services/eepromFileSystem/eepromFileSystem.o
 .debug_macro   0x00005def      0x166 services/eepromFileSystem/eepromFileSystem.o
 .debug_macro   0x00005f55       0xe8 services/eepromFileSystem/eepromFileSystem.o
 .debug_macro   0x0000603d       0xbc services/healthmonitor/healthmonitor.o
 .debug_macro   0x000060f9       0xbc services/heaterpowercontroller/heaterpowercontroller.o
 .debug_macro   0x000061b5       0xb3 services/lightningservice/ledlightningservice.o
 .debug_macro   0x00006268       0xa8 services/powermeter/powermeter.o
 .debug_macro   0x00006310       0x9f services/pumpservice/pumpservice.o
 .debug_macro   0x000063af       0x55 services/TimerService/TimerService.o
 .debug_macro   0x00006404       0x16 services/TimerService/TimerService.o
 .debug_macro   0x0000641a       0x22 services/TimerService/TimerService.o
 .debug_macro   0x0000643c       0xbd services/waterlevelmessurment/waterlevelmessurment.o
 .debug_macro   0x000064f9      0x442 src/LUFA/LUFA/Drivers/USB/Class/Device/CDCClassDevice.o
 .debug_macro   0x0000693b      0x60e src/LUFA/LUFA/Drivers/USB/Core/AVR8/EndpointStream_AVR8.o
 .debug_macro   0x00006f49       0x28 src/LUFA/LUFA/Drivers/USB/Core/AVR8/EndpointStream_AVR8.o
 .debug_macro   0x00006f71       0x1c src/LUFA/LUFA/Drivers/USB/Core/AVR8/EndpointStream_AVR8.o
 .debug_macro   0x00006f8d       0x1c src/LUFA/LUFA/Drivers/USB/Core/AVR8/EndpointStream_AVR8.o
 .debug_macro   0x00006fa9      0x2a5 src/LUFA/LUFA/Drivers/USB/Core/AVR8/Endpoint_AVR8.o
 .debug_macro   0x0000724e       0x10 src/LUFA/LUFA/Drivers/USB/Core/AVR8/Endpoint_AVR8.o
 .debug_macro   0x0000725e      0x277 src/LUFA/LUFA/Drivers/USB/Core/AVR8/USBController_AVR8.o
 .debug_macro   0x000074d5       0x79 src/LUFA/LUFA/Drivers/USB/Core/AVR8/USBController_AVR8.o
 .debug_macro   0x0000754e      0x27f src/LUFA/LUFA/Drivers/USB/Core/AVR8/USBInterrupt_AVR8.o
 .debug_macro   0x000077cd      0x27d src/LUFA/LUFA/Drivers/USB/Core/DeviceStandardReq.o
 .debug_macro   0x00007a4a      0x182 src/LUFA/LUFA/Drivers/USB/Core/Events.o
 .debug_macro   0x00007bcc      0x283 src/LUFA/LUFA/Drivers/USB/Core/USBTask.o
 .debug_macro   0x00007e4f      0x59f CoffeeMaker.o
 .debug_macro   0x000083ee       0x68 CoffeeMaker.o
 .debug_macro   0x00008456       0x65 CoffeeMaker.o
 .debug_macro   0x000084bb       0x10 CoffeeMaker.o
 .debug_macro   0x000084cb       0x2e CoffeeMaker.o
 .debug_macro   0x000084f9       0x2e CoffeeMaker.o
 .debug_macro   0x00008527       0x1d CoffeeMaker.o
OUTPUT(Coffe_Maker_MKI.elf elf32-avr)
LOAD linker stubs
